Component: ARM Compiler 5.06 update 6 (build 750) Tool: armlink [4d35ed]

==============================================================================

Section Cross References

    main.o(i.main) refers to delay.o(i.SysTick_Initialize) for SysTick_Initialize
    main.o(i.main) refers to softuart.o(i.TIM6_init) for TIM6_init
    main.o(i.main) refers to led.o(i.Led_Initialize) for Led_Initialize
    main.o(i.main) refers to pwm.o(i.PWM_Initialize) for PWM_Initialize
    main.o(i.main) refers to key.o(i.Key_Initialize) for Key_Initialize
    main.o(i.main) refers to uart.o(i.UART_Initialize) for UART_Initialize
    main.o(i.main) refers to blinker.o(i.BlinkerInitialize) for BlinkerInitialize
    main.o(i.main) refers to softuart.o(i.softUart_init) for softUart_init
    main.o(i.main) refers to blinker.o(i.BlinkerProcess) for BlinkerProcess
    main.o(i.main) refers to 03t.o(i.USART_AnalysisDate) for USART_AnalysisDate
    main.o(i.main) refers to led.o(i.Ledshow) for Ledshow
    led.o(i.Led_Initialize) refers to hk32f030m_rcc.o(i.RCC_AHBPeriphClockCmd) for RCC_AHBPeriphClockCmd
    led.o(i.Led_Initialize) refers to hk32f030m_gpio.o(i.GPIO_Init) for GPIO_Init
    led.o(i.Led_Initialize) refers to hk32f030m_gpio.o(i.GPIO_ResetBits) for GPIO_ResetBits
    led.o(i.Ledshow) refers to hk32f030m_gpio.o(i.GPIO_ResetBits) for GPIO_ResetBits
    led.o(i.Ledshow) refers to hk32f030m_gpio.o(i.GPIO_SetBits) for GPIO_SetBits
    led.o(i.Ledshow) refers to led.o(.data) for LedStep
    led.o(i.Ledshow) refers to delay.o(.data) for g_u32_1msTick
    pwm.o(i.PWM_Initialize) refers to hk32f030m_rcc.o(i.RCC_AHBPeriphClockCmd) for RCC_AHBPeriphClockCmd
    pwm.o(i.PWM_Initialize) refers to hk32f030m_rcc.o(i.RCC_APB1PeriphClockCmd) for RCC_APB1PeriphClockCmd
    pwm.o(i.PWM_Initialize) refers to hk32f030m_gpio.o(i.GPIO_Init) for GPIO_Init
    pwm.o(i.PWM_Initialize) refers to hk32f030m_gpio.o(i.GPIO_PinAFConfig) for GPIO_PinAFConfig
    pwm.o(i.PWM_Initialize) refers to aeabi_sdiv.o(.text) for __aeabi_uidivmod
    pwm.o(i.PWM_Initialize) refers to hk32f030m_tim.o(i.TIM_TimeBaseInit) for TIM_TimeBaseInit
    pwm.o(i.PWM_Initialize) refers to hk32f030m_tim.o(i.TIM_OC1Init) for TIM_OC1Init
    pwm.o(i.PWM_Initialize) refers to hk32f030m_tim.o(i.TIM_OC2Init) for TIM_OC2Init
    pwm.o(i.PWM_Initialize) refers to hk32f030m_tim.o(i.TIM_OC3Init) for TIM_OC3Init
    pwm.o(i.PWM_Initialize) refers to hk32f030m_tim.o(i.TIM_OC4Init) for TIM_OC4Init
    pwm.o(i.PWM_Initialize) refers to hk32f030m_tim.o(i.TIM_Cmd) for TIM_Cmd
    pwm.o(i.PWM_Initialize) refers to hk32f030m_tim.o(i.TIM_CtrlPWMOutputs) for TIM_CtrlPWMOutputs
    pwm.o(i.PWM_Initialize) refers to system_hk32f030m.o(.data) for SystemCoreClock
    uart.o(i.UART_CheckReceive) refers to uart.o(i.UART_InitReceive) for UART_InitReceive
    uart.o(i.UART_CheckReceive) refers to uart.o(.bss) for g_strUartRecvBuffer
    uart.o(i.UART_CheckReceive) refers to delay.o(.data) for g_u32_1msTick
    uart.o(i.UART_GetRecvByte) refers to hk32f030m_usart.o(i.USART_GetFlagStatus) for USART_GetFlagStatus
    uart.o(i.UART_GetRecvByte) refers to hk32f030m_usart.o(i.USART_ReceiveData) for USART_ReceiveData
    uart.o(i.UART_HaveRecvData) refers to hk32f030m_usart.o(i.USART_GetFlagStatus) for USART_GetFlagStatus
    uart.o(i.UART_InitReceive) refers to hk32f030m_usart.o(i.USART_ITConfig) for USART_ITConfig
    uart.o(i.UART_InitReceive) refers to uart.o(.bss) for g_strUartRecvBuffer
    uart.o(i.UART_Initialize) refers to hk32f030m_rcc.o(i.RCC_APB2PeriphClockCmd) for RCC_APB2PeriphClockCmd
    uart.o(i.UART_Initialize) refers to hk32f030m_rcc.o(i.RCC_AHBPeriphClockCmd) for RCC_AHBPeriphClockCmd
    uart.o(i.UART_Initialize) refers to hk32f030m_gpio.o(i.GPIO_Init) for GPIO_Init
    uart.o(i.UART_Initialize) refers to hk32f030m_gpio.o(i.GPIO_PinAFConfig) for GPIO_PinAFConfig
    uart.o(i.UART_Initialize) refers to hk32f030m_usart.o(i.USART_Init) for USART_Init
    uart.o(i.UART_Initialize) refers to hk32f030m_usart.o(i.USART_Cmd) for USART_Cmd
    uart.o(i.UART_Initialize) refers to hk32f030m_usart.o(i.USART_ClearFlag) for USART_ClearFlag
    uart.o(i.UART_SendByte) refers to hk32f030m_usart.o(i.USART_GetFlagStatus) for USART_GetFlagStatus
    uart.o(i.UART_SendByte) refers to hk32f030m_usart.o(i.USART_SendData) for USART_SendData
    uart.o(i.UART_SendStringLen) refers to uart.o(i.UART_SendByte) for UART_SendByte
    uart.o(i.USART1_IRQHandler) refers to hk32f030m_usart.o(i.USART_GetITStatus) for USART_GetITStatus
    uart.o(i.USART1_IRQHandler) refers to 03t.o(i.EstimateDate) for EstimateDate
    uart.o(i.USART1_IRQHandler) refers to hk32f030m_usart.o(i.USART_ReceiveData) for USART_ReceiveData
    uart.o(i.USART1_IRQHandler) refers to uart.o(.data) for ch
    uart.o(i.USART1_IRQHandler) refers to uart.o(.bss) for g_strUartRecvBuffer
    uart.o(i.USART1_IRQHandler) refers to delay.o(.data) for g_u32_1msTick
[...]
    ../clib/printf.c                         0x00000000   Number         0  noretval__2sprintf.o ABSOLUTE
    ../clib/printf.c                         0x00000000   Number         0  _printf_intcommon.o ABSOLUTE
    ../clib/printf.c                         0x00000000   Number         0  _printf_char_common.o ABSOLUTE
    ../clib/printf.c                         0x00000000   Number         0  __printf.o ABSOLUTE
    ../clib/printf.c                         0x00000000   Number         0  __printf_ss_wp.o ABSOLUTE
    ../clib/printf.c                         0x00000000   Number         0  __printf_flags.o ABSOLUTE
    ../clib/printf.c                         0x00000000   Number         0  __printf_flags_ss.o ABSOLUTE
    ../clib/printf.c                         0x00000000   Number         0  __printf_ss.o ABSOLUTE
    ../clib/printf.c                         0x00000000   Number         0  _printf_dec.o ABSOLUTE
    ../clib/printf.c                         0x00000000   Number         0  __printf_wp.o ABSOLUTE
    ../clib/printf.c                         0x00000000   Number         0  __printf_nopercent.o ABSOLUTE
    ../clib/printf.c                         0x00000000   Number         0  __printf_flags_ss_wp.o ABSOLUTE
    ../clib/printf.c                         0x00000000   Number         0  _sputc.o ABSOLUTE
    ../clib/printf.c                         0x00000000   Number         0  __2sprintf.o ABSOLUTE
    ../clib/printf_percent.s                 0x00000000   Number         0  _printf_percent_end.o ABSOLUTE
    ../clib/printf_percent.s                 0x00000000   Number         0  _printf_percent.o ABSOLUTE
    ../clib/printf_percent.s                 0x00000000   Number         0  _printf_u.o ABSOLUTE
    ../clib/scanf.c                          0x00000000   Number         0  scanf_char.o ABSOLUTE
    ../clib/scanf.c                          0x00000000   Number         0  _chval.o ABSOLUTE
    ../clib/scanf.c                          0x00000000   Number         0  _scanf.o ABSOLUTE
    ../clib/scanf.c                          0x00000000   Number         0  _scanf_int.o ABSOLUTE
    ../clib/scanf.c                          0x00000000   Number         0  __0sscanf.o ABSOLUTE
    ../clib/scanf.c                          0x00000000   Number         0  _sgetc.o ABSOLUTE
    ../clib/signal.c                         0x00000000   Number         0  __raise.o ABSOLUTE
    ../clib/signal.c                         0x00000000   Number         0  defsig_stak_inner.o ABSOLUTE
    ../clib/signal.c                         0x00000000   Number         0  defsig_fpe_inner.o ABSOLUTE
    ../clib/signal.c                         0x00000000   Number         0  defsig_rtmem_formal.o ABSOLUTE
    ../clib/signal.c                         0x00000000   Number         0  defsig_cppl_inner.o ABSOLUTE
    ../clib/signal.c                         0x00000000   Number         0  defsig_segv_inner.o ABSOLUTE
    ../clib/signal.c                         0x00000000   Number         0  defsig_other.o ABSOLUTE
    ../clib/signal.c                         0x00000000   Number         0  defsig_general.o ABSOLUTE
    ../clib/signal.c                         0x00000000   Number         0  defsig_abrt_inner.o ABSOLUTE
    ../clib/signal.c                         0x00000000   Number         0  defsig_fpe_formal.o ABSOLUTE
    ../clib/signal.c                         0x00000000   Number         0  defsig_exit.o ABSOLUTE
    ../clib/signal.c                         0x00000000   Number         0  defsig_rtred_inner.o ABSOLUTE
    ../clib/signal.c                         0x00000000   Number         0  defsig_rtmem_inner.o ABSOLUTE
    ../clib/signal.c                         0x00000000   Number         0  defsig_fpe_outer.o ABSOLUTE
    ../clib/signal.c                         0x00000000   Number         0  defsig_rtmem_outer.o ABSOLUTE
    ../clib/signal.c                         0x00000000   Number         0  defsig_pvfn_inner.o ABSOLUTE
    ../clib/signal.s                         0x00000000   Number         0  defsig.o ABSOLUTE
    ../clib/stdlib.c                         0x00000000   Number         0  exit.o ABSOLUTE
    ../clib/string.c                         0x00000000   Number         0  strcmp.o ABSOLUTE
    ../clib/string.c                         0x00000000   Number         0  strstr.o ABSOLUTE
    ../fplib/cfplib/cmpret.c                 0x00000000   Number         0  cmpret.o ABSOLUTE
    ../fplib/cfplib/d2f.c                    0x00000000   Number         0  d2f.o ABSOLUTE
    ../fplib/cfplib/dcmpin.c                 0x00000000   Number         0  dcmpin.o ABSOLUTE
    ../fplib/cfplib/ddiv.c                   0x00000000   Number         0  ddiv.o ABSOLUTE
    ../fplib/cfplib/dmul.c                   0x00000000   Number         0  dmul.o ABSOLUTE
    ../fplib/cfplib/f2d.c                    0x00000000   Number         0  f2d.o ABSOLUTE
    ../fplib/cfplib/fcmpin.c                 0x00000000   Number         0  fcmpin.o ABSOLUTE
    ../fplib/cfplib/fflt.c                   0x00000000   Number         0  dflti.o ABSOLUTE
    ../fplib/cfplib/fpinit.c                 0x00000000   Number         0  fpinit.o ABSOLUTE
    ../fplib/cfplib/nan2.c                   0x00000000   Number         0  fnan2.o ABSOLUTE
    ../fplib/cfplib/nan2.c                   0x00000000   Number         0  dnan2.o ABSOLUTE
    ../fplib/cfplib/retnan.c                 0x00000000   Number         0  retnan.o ABSOLUTE
    ../fplib/drleqf6m.s                      0x00000000   Number         0  drlef.o ABSOLUTE
    ../fplib/fleqf6m.s                       0x00000000   Number         0  flef.o ABSOLUTE
    ../fplib/usenofp.s                       0x00000000   Number         0  usenofp.o ABSOLUTE
    ..\Source\Driver\03T.c                   0x00000000   Number         0  03t.o ABSOLUTE
    ..\Source\Driver\ADC.c                   0x00000000   Number         0  adc.o ABSOLUTE
    ..\Source\Driver\blinker.c               0x00000000   Number         0  blinker.o ABSOLUTE
    ..\Source\Driver\eeprom.c                0x00000000   Number         0  eeprom.o ABSOLUTE
    ..\Source\Driver\key.c                   0x00000000   Number         0  key.o ABSOLUTE
    ..\Source\Driver\led.c                   0x00000000   Number         0  led.o ABSOLUTE
    ..\Source\Driver\pwm.c                   0x00000000   Number         0  pwm.o ABSOLUTE
    ..\Source\Driver\uart.c                  0x00000000   Number         0  uart.o ABSOLUTE
    ..\Source\Libraries\CMSIS\HK32F030M\Source\KEIL_Startup_hk32f030m.s 0x00000000   Number         0  keil_startup_hk32f030m.o ABSOLUTE
    ..\Source\Libraries\CMSIS\HK32F030M\Source\system_hk32f030m.c 0x00000000   Number         0  system_hk32f030m.o ABSOLUTE
    ..\Source\Libraries\StdPeriph_Driver\src\hk32f030m_adc.c 0x00000000   Number         0  hk32f030m_adc.o ABSOLUTE
    ..\Source\Libraries\StdPeriph_Driver\src\hk32f030m_exti.c 0x00000000   Number         0  hk32f030m_exti.o ABSOLUTE
    ..\Source\Libraries\StdPeriph_Driver\src\hk32f030m_flash.c 0x00000000   Number         0  hk32f030m_flash.o ABSOLUTE
    ..\Source\Libraries\StdPeriph_Driver\src\hk32f030m_gpio.c 0x00000000   Number         0  hk32f030m_gpio.o ABSOLUTE
    ..\Source\Libraries\StdPeriph_Driver\src\hk32f030m_misc.c 0x00000000   Number         0  hk32f030m_misc.o ABSOLUTE
    ..\Source\Libraries\StdPeriph_Driver\src\hk32f030m_rcc.c 0x00000000   Number         0  hk32f030m_rcc.o ABSOLUTE
    ..\Source\Libraries\StdPeriph_Driver\src\hk32f030m_syscfg.c 0x00000000   Number         0  hk32f030m_syscfg.o ABSOLUTE
    ..\Source\Libraries\StdPeriph_Driver\src\hk32f030m_tim.c 0x00000000   Number         0  hk32f030m_tim.o ABSOLUTE
    ..\Source\Libraries\StdPeriph_Driver\src\hk32f030m_usart.c 0x00000000   Number         0  hk32f030m_usart.o ABSOLUTE
    ..\Source\Libraries\User_Lib\delay.c     0x00000000   Number         0  delay.o ABSOLUTE
    ..\Source\Libraries\User_Lib\softUart.c  0x00000000   Number         0  softuart.o ABSOLUTE
    ..\Source\User\hk32f030m_it.c            0x00000000   Number         0  hk32f030m_it.o ABSOLUTE
    ..\Source\User\main.c                    0x00000000   Number         0  main.o ABSOLUTE
    ..\\Source\\Driver\\03T.c                0x00000000   Number         0  03t.o ABSOLUTE
    ..\\Source\\Driver\\ADC.c                0x00000000   Number         0  adc.o ABSOLUTE
    ..\\Source\\Driver\\blinker.c            0x00000000   Number         0  blinker.o ABSOLUTE
    ..\\Source\\Driver\\eeprom.c             0x00000000   Number         0  eeprom.o ABSOLUTE
    ..\\Source\\Driver\\key.c                0x00000000   Number         0  key.o ABSOLUTE
    ..\\Source\\Driver\\led.c                0x00000000   Number         0  led.o ABSOLUTE
    ..\\Source\\Driver\\pwm.c                0x00000000   Number         0  pwm.o ABSOLUTE
    ..\\Source\\Driver\\uart.c               0x00000000   Number         0  uart.o ABSOLUTE
    ..\\Source\\Libraries\\CMSIS\\HK32F030M\\Source\\system_hk32f030m.c 0x00000000   Number         0  system_hk32f030m.o ABSOLUTE
    ..\\Source\\Libraries\\StdPeriph_Driver\\src\\hk32f030m_adc.c 0x00000000   Number         0  hk32f030m_adc.o ABSOLUTE
    ..\\Source\\Libraries\\StdPeriph_Driver\\src\\hk32f030m_exti.c 0x00000000   Number         0  hk32f030m_exti.o ABSOLUTE
    ..\\Source\\Libraries\\StdPeriph_Driver\\src\\hk32f030m_flash.c 0x00000000   Number         0  hk32f030m_flash.o ABSOLUTE
    ..\\Source\\Libraries\\StdPeriph_Driver\\src\\hk32f030m_gpio.c 0x00000000   Number         0  hk32f030m_gpio.o ABSOLUTE
    ..\\Source\\Libraries\\StdPeriph_Driver\\src\\hk32f030m_misc.c 0x00000000   Number         0  hk32f030m_misc.o ABSOLUTE
    ..\\Source\\Libraries\\StdPeriph_Driver\\src\\hk32f030m_rcc.c 0x00000000   Number         0  hk32f030m_rcc.o ABSOLUTE
    ..\\Source\\Libraries\\StdPeriph_Driver\\src\\hk32f030m_syscfg.c 0x00000000   Number         0  hk32f030m_syscfg.o ABSOLUTE
    ..\\Source\\Libraries\\StdPeriph_Driver\\src\\hk32f030m_tim.c 0x00000000   Number         0  hk32f030m_tim.o ABSOLUTE
    ..\\Source\\Libraries\\StdPeriph_Driver\\src\\hk32f030m_usart.c 0x00000000   Number         0  hk32f030m_usart.o ABSOLUTE
    ..\\Source\\Libraries\\User_Lib\\delay.c 0x00000000   Number         0  delay.o ABSOLUTE
    ..\\Source\\Libraries\\User_Lib\\softUart.c 0x00000000   Number         0  softuart.o ABSOLUTE
    ..\\Source\\User\\hk32f030m_it.c         0x00000000   Number         0  hk32f030m_it.o ABSOLUTE
    ..\\Source\\User\\main.c                 0x00000000   Number         0  main.o ABSOLUTE
    dc.s                                     0x00000000   Number         0  dc.o ABSOLUTE
    RESET                                    0x08000000   Section      192  keil_startup_hk32f030m.o(RESET)
    !!!main                                  0x080000c0   Section        8  __main.o(!!!main)
    !!!scatter                               0x080000c8   Section       60  __scatter.o(!!!scatter)
    !!handler_copy                           0x08000104   Section       26  __scatter_copy.o(!!handler_copy)
    !!handler_zi                             0x08000120   Section       28  __scatter_zi.o(!!handler_zi)
    .ARM.Collect$$_printf_percent$$00000000  0x0800013c   Section        2  _printf_percent.o(.ARM.Collect$$_printf_percent$$00000000)
    .ARM.Collect$$_printf_percent$$0000000A  0x0800013e   Section       10  _printf_u.o(.ARM.Collect$$_printf_percent$$0000000A)
    .ARM.Collect$$_printf_percent$$00000017  0x08000148   Section        4  _printf_percent_end.o(.ARM.Collect$$_printf_percent$$00000017)
    .ARM.Collect$$libinit$$00000000          0x0800014c   Section        2  libinit.o(.ARM.Collect$$libinit$$00000000)
    .ARM.Collect$$libinit$$00000002          0x0800014e   Section        0  libinit2.o(.ARM.Collect$$libinit$$00000002)
    .ARM.Collect$$libinit$$00000004          0x0800014e   Section        0  libinit2.o(.ARM.Collect$$libinit$$00000004)
    .ARM.Collect$$libinit$$0000000A          0x0800014e   Section        0  libinit2.o(.ARM.Collect$$libinit$$0000000A)
    .ARM.Collect$$libinit$$0000000C          0x0800014e   Section        0  libinit2.o(.ARM.Collect$$libinit$$0000000C)
    .ARM.Collect$$libinit$$0000000E          0x0800014e   Section        0  libinit2.o(.ARM.Collect$$libinit$$0000000E)
    .ARM.Collect$$libinit$$0000000F          0x0800014e   Section        6  libinit2.o(.ARM.Collect$$libinit$$0000000F)
    .ARM.Collect$$libinit$$00000011          0x08000154   Section        0  libinit2.o(.ARM.Collect$$libinit$$00000011)
    .ARM.Collect$$libinit$$00000012          0x08000154   Section       12  libinit2.o(.ARM.Collect$$libinit$$00000012)
    .ARM.Collect$$libinit$$00000013          0x08000160   Section        0  libinit2.o(.ARM.Collect$$libinit$$00000013)
    .ARM.Collect$$libinit$$00000015          0x08000160   Section        0  libinit2.o(.ARM.Collect$$libinit$$00000015)
    .ARM.Collect$$libinit$$00000017          0x08000160   Section        0  libinit2.o(.ARM.Collect$$libinit$$00000017)
    .ARM.Collect$$libinit$$00000019          0x08000160   Section        0  libinit2.o(.ARM.Collect$$libinit$$00000019)
    .ARM.Collect$$libinit$$0000001B          0x08000160   Section        0  libinit2.o(.ARM.Collect$$libinit$$0000001B)
    .ARM.Collect$$libinit$$0000001D          0x08000160   Section        0  libinit2.o(.ARM.Collect$$libinit$$0000001D)
    .ARM.Collect$$libinit$$0000001F          0x08000160   Section        0  libinit2.o(.ARM.Collect$$libinit$$0000001F)
    .ARM.Collect$$libinit$$00000021          0x08000160   Section        0  libinit2.o(.ARM.Collect$$libinit$$00000021)
    .ARM.Collect$$libinit$$00000023          0x08000160   Section        0  libinit2.o(.ARM.Collect$$libinit$$00000023)
    .ARM.Collect$$libinit$$00000025          0x08000160   Section        0  libinit2.o(.ARM.Collect$$libinit$$00000025)
    .ARM.Collect$$libinit$$0000002C          0x08000160   Section        0  libinit2.o(.ARM.Collect$$libinit$$0000002C)
    .ARM.Collect$$libinit$$0000002E          0x08000160   Section        0  libinit2.o(.ARM.Collect$$libinit$$0000002E)
    .ARM.Collect$$libinit$$00000030          0x08000160   Section        0  libinit2.o(.ARM.Collect$$libinit$$00000030)
    .ARM.Collect$$libinit$$00000032          0x08000160   Section        0  libinit2.o(.ARM.Collect$$libinit$$00000032)
    .ARM.Collect$$libinit$$00000033          0x08000160   Section        2  libinit2.o(.ARM.Collect$$libinit$$00000033)
    .ARM.Collect$$libshutdown$$00000000      0x08000162   Section        2  libshutdown.o(.ARM.Collect$$libshutdown$$00000000)
    .ARM.Collect$$libshutdown$$00000002      0x08000164   Section        0  libshutdown2.o(.ARM.Collect$$libshutdown$$00000002)
    .ARM.Collect$$libshutdown$$00000004      0x08000164   Section        0  libshutdown2.o(.ARM.Collect$$libshutdown$$00000004)
    .ARM.Collect$$libshutdown$$00000007      0x08000164   Section        0  libshutdown2.o(.ARM.Collect$$libshutdown$$00000007)
    .ARM.Collect$$libshutdown$$0000000A      0x08000164   Section        0  libshutdown2.o(.ARM.Collect$$libshutdown$$0000000A)
    .ARM.Collect$$libshutdown$$0000000C      0x08000164   Section        0  libshutdown2.o(.ARM.Collect$$libshutdown$$0000000C)
    .ARM.Collect$$libshutdown$$0000000F      0x08000164   Section        0  libshutdown2.o(.ARM.Collect$$libshutdown$$0000000F)
    .ARM.Collect$$libshutdown$$00000010      0x08000164   Section        2  libshutdown2.o(.ARM.Collect$$libshutdown$$00000010)
    .ARM.Collect$$rtentry$$00000000          0x08000166   Section        0  __rtentry.o(.ARM.Collect$$rtentry$$00000000)
    .ARM.Collect$$rtentry$$00000002          0x08000166   Section        0  __rtentry2.o(.ARM.Collect$$rtentry$$00000002)
    .ARM.Collect$$rtentry$$00000004          0x08000166   Section        6  __rtentry4.o(.ARM.Collect$$rtentry$$00000004)
    .ARM.Collect$$rtentry$$00000009          0x0800016c   Section        0  __rtentry2.o(.ARM.Collect$$rtentry$$00000009)
    .ARM.Collect$$rtentry$$0000000A          0x0800016c   Section        4  __rtentry2.o(.ARM.Collect$$rtentry$$0000000A)
    .ARM.Collect$$rtentry$$0000000C          0x08000170   Section        0  __rtentry2.o(.ARM.Collect$$rtentry$$0000000C)
    .ARM.Collect$$rtentry$$0000000D          0x08000170   Section        8  __rtentry2.o(.ARM.Collect$$rtentry$$0000000D)
    .ARM.Collect$$rtexit$$00000000           0x08000178   Section        2  rtexit.o(.ARM.Collect$$rtexit$$00000000)
    .ARM.Collect$$rtexit$$00000002           0x0800017a   Section        0  rtexit2.o(.ARM.Collect$$rtexit$$00000002)
    .ARM.Collect$$rtexit$$00000003           0x0800017a   Section        4  rtexit2.o(.ARM.Collect$$rtexit$$00000003)
    .ARM.Collect$$rtexit$$00000004           0x0800017e   Section        6  rtexit2.o(.ARM.Collect$$rtexit$$00000004)
    .text                                    0x08000184   Section       56  keil_startup_hk32f030m.o(.text)
    .text                                    0x080001bc   Section        0  __2sprintf.o(.text)
    .text                                    0x080001e8   Section        0  __printf.o(.text)
    .text                                    0x08000254   Section        0  _printf_dec.o(.text)
    .text                                    0x080002c0   Section        0  __0sscanf.o(.text)
    .text                                    0x08000300   Section        0  _scanf_int.o(.text)
    .text                                    0x0800044a   Section        0  strstr.o(.text)
    .text                                    0x08000472   Section      346  aeabi_sdiv.o(.text)
    .text                                    0x080005cc   Section        0  heapauxi.o(.text)
    .text                                    0x080005d4   Section        0  d2f.o(.text)
    .text                                    0x08000650   Section        0  ddiv.o(.text)
    .text                                    0x08000a98   Section        0  dflti.o(.text)
    .text                                    0x08000af0   Section        0  dmul.o(.text)
    .text                                    0x08000d38   Section        0  _printf_intcommon.o(.text)
    .text                                    0x08000de8   Section        0  _printf_char_common.o(.text)
    _printf_input_char                       0x08000de9   Thumb Code    10  _printf_char_common.o(.text)
    .text                                    0x08000e18   Section        0  _sputc.o(.text)
    .text                                    0x08000e22   Section        0  _chval.o(.text)
    .text                                    0x08000e40   Section        0  scanf_char.o(.text)
    _scanf_char_input                        0x08000e41   Thumb Code    12  scanf_char.o(.text)
    .text                                    0x08000e70   Section        0  _sgetc.o(.text)
    .text                                    0x08000eb4   Section        0  rtudiv10.o(.text)
    .text                                    0x08000edc   Section        0  isspace.o(.text)
    .text                                    0x08000ef0   Section        0  _scanf.o(.text)
    .text                                    0x08001270   Section       62  sys_stackheap_outer.o(.text)
    .text                                    0x080012b0   Section       16  rt_ctype_table.o(.text)
    .text                                    0x080012c0   Section        0  exit.o(.text)
    .text                                    0x080012d0   Section        8  libspace.o(.text)
    .text                                    0x080012d8   Section        8  rt_locale_intlibspace.o(.text)
    .text                                    0x080012e0   Section        0  sys_exit.o(.text)
    .text                                    0x080012ec   Section        0  strcmp.o(.text)
    .text                                    0x08001374   Section        2  use_no_semi.o(.text)
    .text                                    0x08001376   Section        0  indicate_semi.o(.text)
    i.ADC1_IRQHandler                        0x08001378   Section        0  adc.o(i.ADC1_IRQHandler)
    i.ADC_GetConversionValue                 0x08001428   Section        0  hk32f030m_adc.o(i.ADC_GetConversionValue)
    i.ADC_GetITStatus                        0x08001430   Section        0  hk32f030m_adc.o(i.ADC_GetITStatus)
    i.ADC_StartOfConversion                  0x08001452   Section        0  hk32f030m_adc.o(i.ADC_StartOfConversion)
    i.AckBrightData                          0x0800145c   Section        0  blinker.o(i.AckBrightData)
    AckBrightData                            0x0800145d   Thumb Code    34  blinker.o(i.AckBrightData)
    i.AckColorData                           0x0800149c   Section        0  blinker.o(i.AckColorData)
    AckColorData                             0x0800149d   Thumb Code    48  blinker.o(i.AckColorData)
    i.AckHeartBeat                           0x080014ec   Section        0  blinker.o(i.AckHeartBeat)
    AckHeartBeat                             0x080014ed   Thumb Code    12  blinker.o(i.AckHeartBeat)
    i.AckSwitchOff                           0x08001510   Section        0  blinker.o(i.AckSwitchOff)
    AckSwitchOff                             0x08001511   Thumb Code    12  blinker.o(i.AckSwitchOff)
    i.AckSwitchOn                            0x0800154c   Section        0  blinker.o(i.AckSwitchOn)
    AckSwitchOn                              0x0800154d   Thumb Code    12  blinker.o(i.AckSwitchOn)
    i.BlinkAdjustBright                      0x08001588   Section        0  blinker.o(i.BlinkAdjustBright)
    i.BlinkerInitialize                      0x080016a8   Section        0  blinker.o(i.BlinkerInitialize)
    i.BlinkerProcess                         0x08001724   Section        0  blinker.o(i.BlinkerProcess)
    i.EEPROM_EraseByte                       0x08001928   Section        0  hk32f030m_flash.o(i.EEPROM_EraseByte)
    i.EEPROM_ProgramByte                     0x08001978   Section        0  hk32f030m_flash.o(i.EEPROM_ProgramByte)
    i.EEPROM_ReadByte                        0x080019bc   Section        0  eeprom.o(i.EEPROM_ReadByte)
    i.EEPROM_WriteByte                       0x080019d8   Section        0  eeprom.o(i.EEPROM_WriteByte)
    i.EXTI6_IRQHandler                       0x08001a20   Section        0  softuart.o(i.EXTI6_IRQHandler)
    i.EXTI_ClearITPendingBit                 0x08001abc   Section        0  hk32f030m_exti.o(i.EXTI_ClearITPendingBit)
    i.EXTI_GetFlagStatus                     0x08001ac8   Section        0  hk32f030m_exti.o(i.EXTI_GetFlagStatus)
    i.EXTI_Init                              0x08001ae4   Section        0  hk32f030m_exti.o(i.EXTI_Init)
    i.EstimateDate                           0x08001b6c   Section        0  03t.o(i.EstimateDate)
    i.FLASH_GetStatus                        0x08001c24   Section        0  hk32f030m_flash.o(i.FLASH_GetStatus)
    i.FLASH_Lock                             0x08001c50   Section        0  hk32f030m_flash.o(i.FLASH_Lock)
    i.FLASH_Unlock                           0x08001c64   Section        0  hk32f030m_flash.o(i.FLASH_Unlock)
    i.FLASH_WaitForLastOperation             0x08001c88   Section        0  hk32f030m_flash.o(i.FLASH_WaitForLastOperation)
    i.GPIO_Init                              0x08001cb0   Section        0  hk32f030m_gpio.o(i.GPIO_Init)
    i.GPIO_PinAFConfig                       0x08001d56   Section        0  hk32f030m_gpio.o(i.GPIO_PinAFConfig)
    i.GPIO_ReadInputDataBit                  0x08001d9a   Section        0  hk32f030m_gpio.o(i.GPIO_ReadInputDataBit)
    i.GPIO_ResetBits                         0x08001dae   Section        0  hk32f030m_gpio.o(i.GPIO_ResetBits)
    i.GPIO_SetBits                           0x08001db2   Section        0  hk32f030m_gpio.o(i.GPIO_SetBits)
    i.HardFault_Handler                      0x08001db6   Section        0  hk32f030m_it.o(i.HardFault_Handler)
    i.Key_Initialize                         0x08001dba   Section        0  key.o(i.Key_Initialize)
    i.LED_Choose                             0x08001de8   Section        0  03t.o(i.LED_Choose)
    i.Led_Initialize                         0x08001f58   Section        0  led.o(i.Led_Initialize)
    i.Ledshow                                0x08001f8c   Section        0  led.o(i.Ledshow)
    i.MusicVolumeLess                        0x0800201c   Section        0  03t.o(i.MusicVolumeLess)
    i.MusicVolumeMore                        0x0800202c   Section        0  03t.o(i.MusicVolumeMore)
    i.NMI_Handler                            0x0800203c   Section        0  hk32f030m_it.o(i.NMI_Handler)
    i.NVIC_Init                              0x08002040   Section        0  hk32f030m_misc.o(i.NVIC_Init)
    i.NVIC_SetPriority                       0x080020b0   Section        0  blinker.o(i.NVIC_SetPriority)
    NVIC_SetPriority                         0x080020b1   Thumb Code   110  blinker.o(i.NVIC_SetPriority)
    i.PWM_CloseAll                           0x08002128   Section        0  blinker.o(i.PWM_CloseAll)
    PWM_CloseAll                             0x08002129   Thumb Code    56  blinker.o(i.PWM_CloseAll)
    i.PWM_CloseBright                        0x08002164   Section        0  blinker.o(i.PWM_CloseBright)
    PWM_CloseBright                          0x08002165   Thumb Code    20  blinker.o(i.PWM_CloseBright)
    i.PWM_CloseColor                         0x0800217c   Section        0  blinker.o(i.PWM_CloseColor)
    PWM_CloseColor                           0x0800217d   Thumb Code    44  blinker.o(i.PWM_CloseColor)
    i.PWM_Initialize                         0x080021ac   Section        0  pwm.o(i.PWM_Initialize)
    i.PWM_SetBright                          0x080022a4   Section        0  blinker.o(i.PWM_SetBright)
    PWM_SetBright                            0x080022a5   Thumb Code    32  blinker.o(i.PWM_SetBright)
    i.PWM_SetColor                           0x080022c4   Section        0  blinker.o(i.PWM_SetColor)
    PWM_SetColor                             0x080022c5   Thumb Code   102  blinker.o(i.PWM_SetColor)
    i.PendSV_Handler                         0x08002330   Section        0  hk32f030m_it.o(i.PendSV_Handler)
    i.RCC_AHBPeriphClockCmd                  0x08002334   Section        0  hk32f030m_rcc.o(i.RCC_AHBPeriphClockCmd)
    i.RCC_APB1PeriphClockCmd                 0x08002354   Section        0  hk32f030m_rcc.o(i.RCC_APB1PeriphClockCmd)
    i.RCC_APB2PeriphClockCmd                 0x08002374   Section        0  hk32f030m_rcc.o(i.RCC_APB2PeriphClockCmd)
    i.RCC_GetClocksFreq                      0x08002394   Section        0  hk32f030m_rcc.o(i.RCC_GetClocksFreq)
    i.SVC_Handler                            0x080024c0   Section        0  hk32f030m_it.o(i.SVC_Handler)
    i.SYSCFG_EXTILineConfig                  0x080024c4   Section        0  hk32f030m_syscfg.o(i.SYSCFG_EXTILineConfig)
    i.SetSysClock                            0x08002504   Section        0  system_hk32f030m.o(i.SetSysClock)
    SetSysClock                              0x08002505   Thumb Code    70  system_hk32f030m.o(i.SetSysClock)
    i.SetSysClockToHSI_32M                   0x08002558   Section        0  system_hk32f030m.o(i.SetSysClockToHSI_32M)
    SetSysClockToHSI_32M                     0x08002559   Thumb Code   220  system_hk32f030m.o(i.SetSysClockToHSI_32M)
    i.SysTick_Initialize                     0x08002640   Section        0  delay.o(i.SysTick_Initialize)
    i.SystemInit                             0x0800264c   Section        0  system_hk32f030m.o(i.SystemInit)
    i.TIM6_IRQHandler                        0x08002690   Section        0  delay.o(i.TIM6_IRQHandler)
    i.TIM6_init                              0x080026bc   Section        0  softuart.o(i.TIM6_init)
    i.TIM_ClearFlag                          0x08002718   Section        0  hk32f030m_tim.o(i.TIM_ClearFlag)
    i.TIM_ClearITPendingBit                  0x08002720   Section        0  hk32f030m_tim.o(i.TIM_ClearITPendingBit)
    i.TIM_Cmd                                0x08002728   Section        0  hk32f030m_tim.o(i.TIM_Cmd)
    i.TIM_CtrlPWMOutputs                     0x08002744   Section        0  hk32f030m_tim.o(i.TIM_CtrlPWMOutputs)
    i.TIM_GetFlagStatus                      0x0800275e   Section        0  hk32f030m_tim.o(i.TIM_GetFlagStatus)
    i.TIM_GetITStatus                        0x08002772   Section        0  hk32f030m_tim.o(i.TIM_GetITStatus)
    i.TIM_ITConfig                           0x08002798   Section        0  hk32f030m_tim.o(i.TIM_ITConfig)
    i.TIM_OC1Init                            0x080027b4   Section        0  hk32f030m_tim.o(i.TIM_OC1Init)
    i.TIM_OC2Init                            0x0800282c   Section        0  hk32f030m_tim.o(i.TIM_OC2Init)
    i.TIM_OC3Init                            0x080028d4   Section        0  hk32f030m_tim.o(i.TIM_OC3Init)
    i.TIM_OC4Init                            0x08002974   Section        0  hk32f030m_tim.o(i.TIM_OC4Init)
    i.TIM_SetCompare1                        0x080029ec   Section        0  hk32f030m_tim.o(i.TIM_SetCompare1)
    i.TIM_SetCompare2                        0x080029f0   Section        0  hk32f030m_tim.o(i.TIM_SetCompare2)
    i.TIM_SetCompare3                        0x080029f4   Section        0  hk32f030m_tim.o(i.TIM_SetCompare3)
    i.TIM_SetCompare4                        0x080029f8   Section        0  hk32f030m_tim.o(i.TIM_SetCompare4)
    i.TIM_SetCounter                         0x080029fc   Section        0  hk32f030m_tim.o(i.TIM_SetCounter)
    i.TIM_TimeBaseInit                       0x08002a00   Section        0  hk32f030m_tim.o(i.TIM_TimeBaseInit)
    i.UART_CheckReceive                      0x08002a54   Section        0  uart.o(i.UART_CheckReceive)
    i.UART_InitReceive                       0x08002a98   Section        0  uart.o(i.UART_InitReceive)
    i.UART_Initialize                        0x08002ac8   Section        0  uart.o(i.UART_Initialize)
    i.UART_SendByte                          0x08002b60   Section        0  uart.o(i.UART_SendByte)
    i.UART_SendStringLen                     0x08002b80   Section        0  uart.o(i.UART_SendStringLen)
    i.USART1_IRQHandler                      0x08002b98   Section        0  uart.o(i.USART1_IRQHandler)
    i.USART_AnalysisDate                     0x08002c8c   Section        0  03t.o(i.USART_AnalysisDate)
    i.USART_ClearFlag                        0x08002f48   Section        0  hk32f030m_usart.o(i.USART_ClearFlag)
    i.USART_Cmd                              0x08002f4c   Section        0  hk32f030m_usart.o(i.USART_Cmd)
    i.USART_GetFlagStatus                    0x08002f64   Section        0  hk32f030m_usart.o(i.USART_GetFlagStatus)
    i.USART_GetITStatus                      0x08002f78   Section        0  hk32f030m_usart.o(i.USART_GetITStatus)
    i.USART_ITConfig                         0x08002fc6   Section        0  hk32f030m_usart.o(i.USART_ITConfig)
    i.USART_Init                             0x08003008   Section        0  hk32f030m_usart.o(i.USART_Init)
    i.USART_ReceiveData                      0x080030e0   Section        0  hk32f030m_usart.o(i.USART_ReceiveData)
    i.USART_SendData                         0x080030ea   Section        0  hk32f030m_usart.o(i.USART_SendData)
    i.__ARM_common_switch8                   0x080030f2   Section        0  03t.o(i.__ARM_common_switch8)
    i.main                                   0x08003110   Section        0  main.o(i.main)
    i.softUart_init                          0x0800314c   Section        0  softuart.o(i.softUart_init)
    locale$$code                             0x08003238   Section       44  lc_ctype_c.o(locale$$code)
    .constdata                               0x08003264   Section       40  hk32f030m_rcc.o(.constdata)
    x$fpl$usenofp                            0x08003264   Section        0  usenofp.o(x$fpl$usenofp)
    .constdata                               0x0800328c   Section      128  ddiv.o(.constdata)
    ddiv_reciptbl                            0x0800328c   Data         128  ddiv.o(.constdata)
    locale$$data                             0x0800332c   Section      272  lc_ctype_c.o(locale$$data)
    __lcctype_c_name                         0x08003330   Data           2  lc_ctype_c.o(locale$$data)
    __lcctype_c_start                        0x08003338   Data           0  lc_ctype_c.o(locale$$data)
    __lcctype_c_end                          0x0800343c   Data           0  lc_ctype_c.o(locale$$data)
    .data                                    0x20000000   Section        4  main.o(.data)
    .data                                    0x20000004   Section        8  led.o(.data)
    .data                                    0x2000000c   Section        1  uart.o(.data)
    .data                                    0x20000010   Section       86  03t.o(.data)
    .data                                    0x20000068   Section        4  blinker.o(.data)
    .data                                    0x2000006c   Section       20  adc.o(.data)
    adcCount                                 0x20000078   Data           4  adc.o(.data)
    Photosense_Tick                          0x2000007c   Data           4  adc.o(.data)
    .data                                    0x20000080   Section        4  system_hk32f030m.o(.data)
    .data                                    0x20000084   Section        4  delay.o(.data)
    .data                                    0x20000088   Section        8  softuart.o(.data)
    s_u8SoftUartRecvData                     0x20000088   Data           1  softuart.o(.data)
    s_u8SoftUartHaveData                     0x20000089   Data           1  softuart.o(.data)
    s_u32SoftUartBaudTick                    0x2000008c   Data           4  softuart.o(.data)
    .bss                                     0x20000090   Section      272  uart.o(.bss)
    .bss                                     0x200001a0   Section       40  blinker.o(.bss)
    .bss                                     0x200001c8   Section       96  libspace.o(.bss)
    HEAP                                     0x20000228   Section      512  keil_startup_hk32f030m.o(HEAP)
    Heap_Mem                                 0x20000228   Data         512  keil_startup_hk32f030m.o(HEAP)
    STACK                                    0x20000428   Section      512  keil_startup_hk32f030m.o(STACK)
    Stack_Mem                                0x20000428   Data         512  keil_startup_hk32f030m.o(STACK)
    __initial_sp                             0x20000628   Data           0  keil_startup_hk32f030m.o(STACK)

    Global Symbols

    Symbol Name                              Value     Ov Type        Size  Object(Section)

    BuildAttributes$$THM_ISAv3M$S$PE$A:L22$X:L11$S22$IEEE1$IW$USESV6$~STKCKD$USESV7$~SHL$OSPACE$ROPI$EBA8$UX$STANDARDLIB$REQ8$PRES8$EABIv2 0x00000000   Number         0  anon$$obj.o ABSOLUTE
    __ARM_use_no_argv                        0x00000000   Number         0  main.o ABSOLUTE
    _printf_flags                            0x00000000   Number         0  printf_stubs.o ABSOLUTE
    _printf_return_value                     0x00000000   Number         0  printf_stubs.o ABSOLUTE
    _printf_sizespec                         0x00000000   Number         0  printf_stubs.o ABSOLUTE
    _printf_widthprec                        0x00000000   Number         0  printf_stubs.o ABSOLUTE
    __ARM_exceptions_init                     - Undefined Weak Reference
    __alloca_initialize                       - Undefined Weak Reference
    __arm_preinit_                            - Undefined Weak Reference
    __cpp_initialize__aeabi_                  - Undefined Weak Reference
    __cxa_finalize                            - Undefined Weak Reference
    __sigvec_lookup                           - Undefined Weak Reference
    _atexit_init                              - Undefined Weak Reference
    _call_atexit_fns                          - Undefined Weak Reference
    _clock_init                               - Undefined Weak Reference
    _fp_trap_init                             - Undefined Weak Reference
    _fp_trap_shutdown                         - Undefined Weak Reference
    _get_lc_collate                           - Undefined Weak Reference
    _get_lc_monetary                          - Undefined Weak Reference
    _get_lc_numeric                           - Undefined Weak Reference
    _get_lc_time                              - Undefined Weak Reference
    _getenv_init                              - Undefined Weak Reference
    _handle_redirection                       - Undefined Weak Reference
    _init_alloc                               - Undefined Weak Reference
    _init_user_alloc                          - Undefined Weak Reference
    _initio                                   - Undefined Weak Reference
    _printf_post_padding                      - Undefined Weak Reference
    _printf_pre_padding                       - Undefined Weak Reference
    _printf_truncate_signed                   - Undefined Weak Reference
    _printf_truncate_unsigned                 - Undefined Weak Reference
    _rand_init                                - Undefined Weak Reference
    _scanf_longlong                           - Undefined Weak Reference
    _scanf_mbtowc                             - Undefined Weak Reference
    _scanf_real                               - Undefined Weak Reference
    _scanf_string                             - Undefined Weak Reference
    _scanf_wctomb                             - Undefined Weak Reference
    _scanf_wstring                            - Undefined Weak Reference
    _signal_finish                            - Undefined Weak Reference
    _signal_init                              - Undefined Weak Reference
    _terminate_alloc                          - Undefined Weak Reference
    _terminate_user_alloc                     - Undefined Weak Reference
    _terminateio                              - Undefined Weak Reference
    __Vectors_Size                           0x000000c0   Number         0  keil_startup_hk32f030m.o ABSOLUTE
    __Vectors                                0x08000000   Data           4  keil_startup_hk32f030m.o(RESET)
    __Vectors_End                            0x080000c0   Data           0  keil_startup_hk32f030m.o(RESET)
    __main                                   0x080000c1   Thumb Code     8  __main.o(!!!main)
    __scatterload                            0x080000c9   Thumb Code     0  __scatter.o(!!!scatter)
    __scatterload_rt2                        0x080000c9   Thumb Code    52  __scatter.o(!!!scatter)
    __scatterload_rt2_thumb_only             0x080000c9   Thumb Code     0  __scatter.o(!!!scatter)
    __scatterload_null                       0x080000d9   Thumb Code     0  __scatter.o(!!!scatter)
    __scatterload_copy                       0x08000105   Thumb Code    26  __scatter_copy.o(!!handler_copy)
    __scatterload_zeroinit                   0x08000121   Thumb Code    28  __scatter_zi.o(!!handler_zi)
    _printf_percent                          0x0800013d   Thumb Code     0  _printf_percent.o(.ARM.Collect$$_printf_percent$$00000000)
    _printf_u                                0x0800013f   Thumb Code     0  _printf_u.o(.ARM.Collect$$_printf_percent$$0000000A)
    _printf_percent_end                      0x08000149   Thumb Code     0  _printf_percent_end.o(.ARM.Collect$$_printf_percent$$00000017)
    __rt_lib_init                            0x0800014d   Thumb Code     0  libinit.o(.ARM.Collect$$libinit$$00000000)
    __rt_lib_init_fp_1                       0x0800014f   Thumb Code     0  libinit2.o(.ARM.Collect$$libinit$$00000002)
    __rt_lib_init_heap_1                     0x0800014f   Thumb Code     0  libinit2.o(.ARM.Collect$$libinit$$0000000A)
    __rt_lib_init_lc_common                  0x0800014f   Thumb Code     0  libinit2.o(.ARM.Collect$$libinit$$0000000F)
    __rt_lib_init_preinit_1                  0x0800014f   Thumb Code     0  libinit2.o(.ARM.Collect$$libinit$$00000004)
    __rt_lib_init_rand_1                     0x0800014f   Thumb Code     0  libinit2.o(.ARM.Collect$$libinit$$0000000E)
    __rt_lib_init_user_alloc_1               0x0800014f   Thumb Code     0  libinit2.o(.ARM.Collect$$libinit$$0000000C)
    __rt_lib_init_lc_collate_1               0x08000155   Thumb Code     0  libinit2.o(.ARM.Collect$$libinit$$00000011)
    __rt_lib_init_lc_ctype_2                 0x08000155   Thumb Code     0  libinit2.o(.ARM.Collect$$libinit$$00000012)
    __rt_lib_init_alloca_1                   0x08000161   Thumb Code     0  libinit2.o(.ARM.Collect$$libinit$$0000002E)
    __rt_lib_init_argv_1                     0x08000161   Thumb Code     0  libinit2.o(.ARM.Collect$$libinit$$0000002C)
    __rt_lib_init_atexit_1                   0x08000161   Thumb Code     0  libinit2.o(.ARM.Collect$$libinit$$0000001B)
    __rt_lib_init_clock_1                    0x08000161   Thumb Code     0  libinit2.o(.ARM.Collect$$libinit$$00000021)
    __rt_lib_init_cpp_1                      0x08000161   Thumb Code     0  libinit2.o(.ARM.Collect$$libinit$$00000032)
    __rt_lib_init_exceptions_1               0x08000161   Thumb Code     0  libinit2.o(.ARM.Collect$$libinit$$00000030)
    __rt_lib_init_fp_trap_1                  0x08000161   Thumb Code     0  libinit2.o(.ARM.Collect$$libinit$$0000001F)
    __rt_lib_init_getenv_1                   0x08000161   Thumb Code     0  libinit2.o(.ARM.Collect$$libinit$$00000023)
    __rt_lib_init_lc_ctype_1                 0x08000161   Thumb Code     0  libinit2.o(.ARM.Collect$$libinit$$00000013)
    __rt_lib_init_lc_monetary_1              0x08000161   Thumb Code     0  libinit2.o(.ARM.Collect$$libinit$$00000015)
    __rt_lib_init_lc_numeric_1               0x08000161   Thumb Code     0  libinit2.o(.ARM.Collect$$libinit$$00000017)
    __rt_lib_init_lc_time_1                  0x08000161   Thumb Code     0  libinit2.o(.ARM.Collect$$libinit$$00000019)
    __rt_lib_init_return                     0x08000161   Thumb Code     0  libinit2.o(.ARM.Collect$$libinit$$00000033)
    __rt_lib_init_signal_1                   0x08000161   Thumb Code     0  libinit2.o(.ARM.Collect$$libinit$$0000001D)
    __rt_lib_init_stdio_1                    0x08000161   Thumb Code     0  libinit2.o(.ARM.Collect$$libinit$$00000025)
    __rt_lib_shutdown                        0x08000163   Thumb Code     0  libshutdown.o(.ARM.Collect$$libshutdown$$00000000)
    __rt_lib_shutdown_cpp_1                  0x08000165   Thumb Code     0  libshutdown2.o(.ARM.Collect$$libshutdown$$00000002)
    __rt_lib_shutdown_fp_trap_1              0x08000165   Thumb Code     0  libshutdown2.o(.ARM.Collect$$libshutdown$$00000007)
    __rt_lib_shutdown_heap_1                 0x08000165   Thumb Code     0  libshutdown2.o(.ARM.Collect$$libshutdown$$0000000F)
    __rt_lib_shutdown_return                 0x08000165   Thumb Code     0  libshutdown2.o(.ARM.Collect$$libshutdown$$00000010)
    __rt_lib_shutdown_signal_1               0x08000165   Thumb Code     0  libshutdown2.o(.ARM.Collect$$libshutdown$$0000000A)
    __rt_lib_shutdown_stdio_1                0x08000165   Thumb Code     0  libshutdown2.o(.ARM.Collect$$libshutdown$$00000004)
    __rt_lib_shutdown_user_alloc_1           0x08000165   Thumb Code     0  libshutdown2.o(.ARM.Collect$$libshutdown$$0000000C)
    __rt_entry                               0x08000167   Thumb Code     0  __rtentry.o(.ARM.Collect$$rtentry$$00000000)
    __rt_entry_presh_1                       0x08000167   Thumb Code     0  __rtentry2.o(.ARM.Collect$$rtentry$$00000002)
    __rt_entry_sh                            0x08000167   Thumb Code     0  __rtentry4.o(.ARM.Collect$$rtentry$$00000004)
    __rt_entry_li                            0x0800016d   Thumb Code     0  __rtentry2.o(.ARM.Collect$$rtentry$$0000000A)
    __rt_entry_postsh_1                      0x0800016d   Thumb Code     0  __rtentry2.o(.ARM.Collect$$rtentry$$00000009)
    __rt_entry_main                          0x08000171   Thumb Code     0  __rtentry2.o(.ARM.Collect$$rtentry$$0000000D)
    __rt_entry_postli_1                      0x08000171   Thumb Code     0  __rtentry2.o(.ARM.Collect$$rtentry$$0000000C)
    __rt_exit                                0x08000179   Thumb Code     0  rtexit.o(.ARM.Collect$$rtexit$$00000000)
    __rt_exit_ls                             0x0800017b   Thumb Code     0  rtexit2.o(.ARM.Collect$$rtexit$$00000003)
    __rt_exit_prels_1                        0x0800017b   Thumb Code     0  rtexit2.o(.ARM.Collect$$rtexit$$00000002)
    __rt_exit_exit                           0x0800017f   Thumb Code     0  rtexit2.o(.ARM.Collect$$rtexit$$00000004)
    Reset_Handler                            0x08000185   Thumb Code     8  keil_startup_hk32f030m.o(.text)
    SysTick_Handler                          0x08000195   Thumb Code     2  keil_startup_hk32f030m.o(.text)
    EXTI0_IRQHandler                         0x08000197   Thumb Code     0  keil_startup_hk32f030m.o(.text)
    EXTI11_IRQHandler                        0x08000197   Thumb Code     0  keil_startup_hk32f030m.o(.text)
    EXTI1_IRQHandler                         0x08000197   Thumb Code     0  keil_startup_hk32f030m.o(.text)
    EXTI2_IRQHandler                         0x08000197   Thumb Code     0  keil_startup_hk32f030m.o(.text)
    EXTI3_IRQHandler                         0x08000197   Thumb Code     0  keil_startup_hk32f030m.o(.text)
    EXTI4_IRQHandler                         0x08000197   Thumb Code     0  keil_startup_hk32f030m.o(.text)
    EXTI5_IRQHandler                         0x08000197   Thumb Code     0  keil_startup_hk32f030m.o(.text)
    EXTI7_IRQHandler                         0x08000197   Thumb Code     0  keil_startup_hk32f030m.o(.text)
    FLASH_IRQHandler                         0x08000197   Thumb Code     0  keil_startup_hk32f030m.o(.text)
    I2C1_IRQHandler                          0x08000197   Thumb Code     0  keil_startup_hk32f030m.o(.text)
    RCC_IRQHandler                           0x08000197   Thumb Code     0  keil_startup_hk32f030m.o(.text)
    SPI1_IRQHandler                          0x08000197   Thumb Code     0  keil_startup_hk32f030m.o(.text)
    TIM1_BRK_IRQHandler                      0x08000197   Thumb Code     0  keil_startup_hk32f030m.o(.text)
    TIM1_CC_IRQHandler                       0x08000197   Thumb Code     0  keil_startup_hk32f030m.o(.text)
    TIM1_UP_TRG_COM_IRQHandler               0x08000197   Thumb Code     0  keil_startup_hk32f030m.o(.text)
    TIM2_IRQHandler                          0x08000197   Thumb Code     0  keil_startup_hk32f030m.o(.text)
    WWDG_IRQHandler                          0x08000197   Thumb Code     0  keil_startup_hk32f030m.o(.text)
    __user_initial_stackheap                 0x08000199   Thumb Code     0  keil_startup_hk32f030m.o(.text)
    __2sprintf                               0x080001bd   Thumb Code    40  __2sprintf.o(.text)
    __printf                                 0x080001e9   Thumb Code   108  __printf.o(.text)
    _printf_int_dec                          0x08000255   Thumb Code    90  _printf_dec.o(.text)
    __0sscanf                                0x080002c1   Thumb Code    54  __0sscanf.o(.text)
    _scanf_int                               0x08000301   Thumb Code   330  _scanf_int.o(.text)
    strstr                                   0x0800044b   Thumb Code    40  strstr.o(.text)
    __aeabi_uidiv                            0x08000473   Thumb Code     0  aeabi_sdiv.o(.text)
    __aeabi_uidivmod                         0x08000473   Thumb Code    20  aeabi_sdiv.o(.text)
    __aeabi_idiv                             0x08000487   Thumb Code     0  aeabi_sdiv.o(.text)
    __aeabi_idivmod                          0x08000487   Thumb Code   326  aeabi_sdiv.o(.text)
    __use_two_region_memory                  0x080005cd   Thumb Code     2  heapauxi.o(.text)
    __rt_heap_escrow$2region                 0x080005cf   Thumb Code     2  heapauxi.o(.text)
    __rt_heap_expand$2region                 0x080005d1   Thumb Code     2  heapauxi.o(.text)
    __aeabi_d2f                              0x080005d5   Thumb Code     0  d2f.o(.text)
    _d2f                                     0x080005d5   Thumb Code   120  d2f.o(.text)
    __aeabi_ddiv                             0x08000651   Thumb Code     0  ddiv.o(.text)
    _ddiv                                    0x08000651   Thumb Code  1072  ddiv.o(.text)
    _drdiv                                   0x08000a81   Thumb Code    20  ddiv.o(.text)
    __aeabi_i2d_normalise                    0x08000a99   Thumb Code    66  dflti.o(.text)
    __aeabi_i2d                              0x08000adb   Thumb Code    16  dflti.o(.text)
    _dflt                                    0x08000adb   Thumb Code     0  dflti.o(.text)
    __aeabi_ui2d                             0x08000aeb   Thumb Code     6  dflti.o(.text)
    _dfltu                                   0x08000aeb   Thumb Code     0  dflti.o(.text)
    __aeabi_dmul                             0x08000af1   Thumb Code     0  dmul.o(.text)
    _dmul                                    0x08000af1   Thumb Code   558  dmul.o(.text)
    _printf_int_common                       0x08000d39   Thumb Code   176  _printf_intcommon.o(.text)
    _printf_char_common                      0x08000df3   Thumb Code    32  _printf_char_common.o(.text)
    _sputc                                   0x08000e19   Thumb Code    10  _sputc.o(.text)
    _chval                                   0x08000e23   Thumb Code    30  _chval.o(.text)
    __vfscanf_char                           0x08000e4d   Thumb Code    28  scanf_char.o(.text)
    _sgetc                                   0x08000e71   Thumb Code    32  _sgetc.o(.text)
    _sbackspace                              0x08000e91   Thumb Code    36  _sgetc.o(.text)
    __rt_udiv10                              0x08000eb5   Thumb Code    40  rtudiv10.o(.text)
    isspace                                  0x08000edd   Thumb Code    18  isspace.o(.text)
    __vfscanf                                0x08000ef1   Thumb Code   880  _scanf.o(.text)
    __user_setup_stackheap                   0x08001271   Thumb Code    62  sys_stackheap_outer.o(.text)
    __rt_ctype_table                         0x080012b1   Thumb Code    16  rt_ctype_table.o(.text)
    exit                                     0x080012c1   Thumb Code    16  exit.o(.text)
    __user_libspace                          0x080012d1   Thumb Code     8  libspace.o(.text)
    __user_perproc_libspace                  0x080012d1   Thumb Code     0  libspace.o(.text)
    __user_perthread_libspace                0x080012d1   Thumb Code     0  libspace.o(.text)
    __rt_locale                              0x080012d9   Thumb Code     8  rt_locale_intlibspace.o(.text)
    _sys_exit                                0x080012e1   Thumb Code     8  sys_exit.o(.text)
    strcmp                                   0x080012ed   Thumb Code   132  strcmp.o(.text)
    __I$use$semihosting                      0x08001375   Thumb Code     0  use_no_semi.o(.text)
    __use_no_semihosting_swi                 0x08001375   Thumb Code     2  use_no_semi.o(.text)
    __semihosting_library_function           0x08001377   Thumb Code     0  indicate_semi.o(.text)
    ADC1_IRQHandler                          0x08001379   Thumb Code   144  adc.o(i.ADC1_IRQHandler)
    ADC_GetConversionValue                   0x08001429   Thumb Code     8  hk32f030m_adc.o(i.ADC_GetConversionValue)
    ADC_GetITStatus                          0x08001431   Thumb Code    34  hk32f030m_adc.o(i.ADC_GetITStatus)
    ADC_StartOfConversion                    0x08001453   Thumb Code    10  hk32f030m_adc.o(i.ADC_StartOfConversion)
    BlinkAdjustBright                        0x08001589   Thumb Code   280  blinker.o(i.BlinkAdjustBright)
    BlinkerInitialize                        0x080016a9   Thumb Code   102  blinker.o(i.BlinkerInitialize)
    BlinkerProcess                           0x08001725   Thumb Code   396  blinker.o(i.BlinkerProcess)
    EEPROM_EraseByte                         0x08001929   Thumb Code    76  hk32f030m_flash.o(i.EEPROM_EraseByte)
    EEPROM_ProgramByte                       0x08001979   Thumb Code    62  hk32f030m_flash.o(i.EEPROM_ProgramByte)
    EEPROM_ReadByte                          0x080019bd   Thumb Code    28  eeprom.o(i.EEPROM_ReadByte)
    EEPROM_WriteByte                         0x080019d9   Thumb Code    72  eeprom.o(i.EEPROM_WriteByte)
    EXTI6_IRQHandler                         0x08001a21   Thumb Code   132  softuart.o(i.EXTI6_IRQHandler)
    EXTI_ClearITPendingBit                   0x08001abd   Thumb Code     6  hk32f030m_exti.o(i.EXTI_ClearITPendingBit)
    EXTI_GetFlagStatus                       0x08001ac9   Thumb Code    22  hk32f030m_exti.o(i.EXTI_GetFlagStatus)
    EXTI_Init                                0x08001ae5   Thumb Code   132  hk32f030m_exti.o(i.EXTI_Init)
    EstimateDate                             0x08001b6d   Thumb Code   158  03t.o(i.EstimateDate)
    FLASH_GetStatus                          0x08001c25   Thumb Code    38  hk32f030m_flash.o(i.FLASH_GetStatus)
    FLASH_Lock                               0x08001c51   Thumb Code    14  hk32f030m_flash.o(i.FLASH_Lock)
    FLASH_Unlock                             0x08001c65   Thumb Code    24  hk32f030m_flash.o(i.FLASH_Unlock)
    FLASH_WaitForLastOperation               0x08001c89   Thumb Code    40  hk32f030m_flash.o(i.FLASH_WaitForLastOperation)
    GPIO_Init                                0x08001cb1   Thumb Code   166  hk32f030m_gpio.o(i.GPIO_Init)
    GPIO_PinAFConfig                         0x08001d57   Thumb Code    68  hk32f030m_gpio.o(i.GPIO_PinAFConfig)
    GPIO_ReadInputDataBit                    0x08001d9b   Thumb Code    20  hk32f030m_gpio.o(i.GPIO_ReadInputDataBit)
    GPIO_ResetBits                           0x08001daf   Thumb Code     4  hk32f030m_gpio.o(i.GPIO_ResetBits)
    GPIO_SetBits                             0x08001db3   Thumb Code     4  hk32f030m_gpio.o(i.GPIO_SetBits)
    HardFault_Handler                        0x08001db7   Thumb Code     4  hk32f030m_it.o(i.HardFault_Handler)
    Key_Initialize                           0x08001dbb   Thumb Code    46  key.o(i.Key_Initialize)
    LED_Choose                               0x08001de9   Thumb Code   256  03t.o(i.LED_Choose)
    Led_Initialize                           0x08001f59   Thumb Code    48  led.o(i.Led_Initialize)
    Ledshow                                  0x08001f8d   Thumb Code   132  led.o(i.Ledshow)
    MusicVolumeLess                          0x0800201d   Thumb Code    12  03t.o(i.MusicVolumeLess)
    MusicVolumeMore                          0x0800202d   Thumb Code    12  03t.o(i.MusicVolumeMore)
    NMI_Handler                              0x0800203d   Thumb Code     2  hk32f030m_it.o(i.NMI_Handler)
    NVIC_Init                                0x08002041   Thumb Code   106  hk32f030m_misc.o(i.NVIC_Init)
    PWM_Initialize                           0x080021ad   Thumb Code   230  pwm.o(i.PWM_Initialize)
    PendSV_Handler                           0x08002331   Thumb Code     2  hk32f030m_it.o(i.PendSV_Handler)
    RCC_AHBPeriphClockCmd                    0x08002335   Thumb Code    28  hk32f030m_rcc.o(i.RCC_AHBPeriphClockCmd)
    RCC_APB1PeriphClockCmd                   0x08002355   Thumb Code    28  hk32f030m_rcc.o(i.RCC_APB1PeriphClockCmd)
    RCC_APB2PeriphClockCmd                   0x08002375   Thumb Code    28  hk32f030m_rcc.o(i.RCC_APB2PeriphClockCmd)
    RCC_GetClocksFreq                        0x08002395   Thumb Code   272  hk32f030m_rcc.o(i.RCC_GetClocksFreq)
    SVC_Handler                              0x080024c1   Thumb Code     2  hk32f030m_it.o(i.SVC_Handler)
    SYSCFG_EXTILineConfig                    0x080024c5   Thumb Code    60  hk32f030m_syscfg.o(i.SYSCFG_EXTILineConfig)
    SysTick_Initialize                       0x08002641   Thumb Code     8  delay.o(i.SysTick_Initialize)
    SystemInit                               0x0800264d   Thumb Code    54  system_hk32f030m.o(i.SystemInit)
    TIM6_IRQHandler                          0x08002691   Thumb Code    34  delay.o(i.TIM6_IRQHandler)
    TIM6_init                                0x080026bd   Thumb Code    82  softuart.o(i.TIM6_init)
    TIM_ClearFlag                            0x08002719   Thumb Code     8  hk32f030m_tim.o(i.TIM_ClearFlag)
    TIM_ClearITPendingBit                    0x08002721   Thumb Code     8  hk32f030m_tim.o(i.TIM_ClearITPendingBit)
    TIM_Cmd                                  0x08002729   Thumb Code    24  hk32f030m_tim.o(i.TIM_Cmd)
    TIM_CtrlPWMOutputs                       0x08002745   Thumb Code    26  hk32f030m_tim.o(i.TIM_CtrlPWMOutputs)
    TIM_GetFlagStatus                        0x0800275f   Thumb Code    20  hk32f030m_tim.o(i.TIM_GetFlagStatus)
    TIM_GetITStatus                          0x08002773   Thumb Code    38  hk32f030m_tim.o(i.TIM_GetITStatus)
    TIM_ITConfig                             0x08002799   Thumb Code    26  hk32f030m_tim.o(i.TIM_ITConfig)
    TIM_OC1Init                              0x080027b5   Thumb Code   106  hk32f030m_tim.o(i.TIM_OC1Init)
    TIM_OC2Init                              0x0800282d   Thumb Code   142  hk32f030m_tim.o(i.TIM_OC2Init)
    TIM_OC3Init                              0x080028d5   Thumb Code   130  hk32f030m_tim.o(i.TIM_OC3Init)
    TIM_OC4Init                              0x08002975   Thumb Code    94  hk32f030m_tim.o(i.TIM_OC4Init)
    TIM_SetCompare1                          0x080029ed   Thumb Code     4  hk32f030m_tim.o(i.TIM_SetCompare1)
    TIM_SetCompare2                          0x080029f1   Thumb Code     4  hk32f030m_tim.o(i.TIM_SetCompare2)
    TIM_SetCompare3                          0x080029f5   Thumb Code     4  hk32f030m_tim.o(i.TIM_SetCompare3)
    TIM_SetCompare4                          0x080029f9   Thumb Code     4  hk32f030m_tim.o(i.TIM_SetCompare4)
    TIM_SetCounter                           0x080029fd   Thumb Code     4  hk32f030m_tim.o(i.TIM_SetCounter)
    TIM_TimeBaseInit                         0x08002a01   Thumb Code    68  hk32f030m_tim.o(i.TIM_TimeBaseInit)
    UART_CheckReceive                        0x08002a55   Thumb Code    58  uart.o(i.UART_CheckReceive)
    UART_InitReceive                         0x08002a99   Thumb Code    34  uart.o(i.UART_InitReceive)
    UART_Initialize                          0x08002ac9   Thumb Code   144  uart.o(i.UART_Initialize)
    UART_SendByte                            0x08002b61   Thumb Code    28  uart.o(i.UART_SendByte)
    UART_SendStringLen                       0x08002b81   Thumb Code    24  uart.o(i.UART_SendStringLen)
    USART1_IRQHandler                        0x08002b99   Thumb Code   222  uart.o(i.USART1_IRQHandler)
    USART_AnalysisDate                       0x08002c8d   Thumb Code   638  03t.o(i.USART_AnalysisDate)
    USART_ClearFlag                          0x08002f49   Thumb Code     4  hk32f030m_usart.o(i.USART_ClearFlag)
    USART_Cmd                                0x08002f4d   Thumb Code    24  hk32f030m_usart.o(i.USART_Cmd)
    USART_GetFlagStatus                      0x08002f65   Thumb Code    20  hk32f030m_usart.o(i.USART_GetFlagStatus)
    USART_GetITStatus                        0x08002f79   Thumb Code    78  hk32f030m_usart.o(i.USART_GetITStatus)
    USART_ITConfig                           0x08002fc7   Thumb Code    66  hk32f030m_usart.o(i.USART_ITConfig)
    USART_Init                               0x08003009   Thumb Code   204  hk32f030m_usart.o(i.USART_Init)
    USART_ReceiveData                        0x080030e1   Thumb Code    10  hk32f030m_usart.o(i.USART_ReceiveData)
    USART_SendData                           0x080030eb   Thumb Code     8  hk32f030m_usart.o(i.USART_SendData)
    __ARM_common_switch8                     0x080030f3   Thumb Code    28  03t.o(i.__ARM_common_switch8)
    main                                     0x08003111   Thumb Code    56  main.o(i.main)
    softUart_init                            0x0800314d   Thumb Code   210  softuart.o(i.softUart_init)
    _get_lc_ctype                            0x08003239   Thumb Code    44  lc_ctype_c.o(locale$$code)
    AHBPrescTable                            0x08003264   Data          32  hk32f030m_rcc.o(.constdata)
    __I$use$fp                               0x08003264   Number         0  usenofp.o(x$fpl$usenofp)
    APBPrescTable                            0x08003284   Data           8  hk32f030m_rcc.o(.constdata)
    Region$$Table$$Base                      0x0800330c   Number         0  anon$$obj.o(Region$$Table)
    Region$$Table$$Limit                     0x0800332c   Number         0  anon$$obj.o(Region$$Table)
    __ctype                                  0x08003339   Data           0  lc_ctype_c.o(locale$$data)
    g_u8ComRecvSoft                          0x20000000   Data           4  main.o(.data)
    LedStep                                  0x20000004   Data           4  led.o(.data)
    LedTick                                  0x20000008   Data           4  led.o(.data)
    ch                                       0x2000000c   Data           1  uart.o(.data)
    g_u32ComRecvCompelet                     0x20000010   Data           4  03t.o(.data)
    g_u32ComRecvCount                        0x20000014   Data           4  03t.o(.data)
    g_u8ComRecvBuffer                        0x20000018   Data           5  03t.o(.data)
    g_u32ComRecv_mark                        0x20000020   Data           4  03t.o(.data)
    g_32stateTrigger                         0x20000024   Data           4  03t.o(.data)
    g_32Sleeping_mark                        0x20000028   Data           4  03t.o(.data)
    Count_volume                             0x2000002c   Data           4  03t.o(.data)
    nextMusic                                0x20000030   Data           4  03t.o(.data)
    upMusic                                  0x20000034   Data           4  03t.o(.data)
    MusicVolumeUp                            0x20000038   Data           4  03t.o(.data)
    MusicVolumeDown                          0x2000003c   Data           4  03t.o(.data)
    MusicVolume_20                           0x20000040   Data           5  03t.o(.data)
    MusicPlay                                0x20000045   Data           4  03t.o(.data)
    MusicStop                                0x20000049   Data           4  03t.o(.data)
    MusicClose                               0x2000004d   Data           4  03t.o(.data)
    Music                                    0x20000051   Data          15  03t.o(.data)
    Music_1                                  0x20000060   Data           6  03t.o(.data)
    Ledchose                                 0x20000068   Data           4  blinker.o(.data)
    ADCConvertedValue                        0x2000006c   Data           2  adc.o(.data)
    ADCConvertedVoltage1                     0x20000070   Data           4  adc.o(.data)
    ADCConvertedVoltage2                     0x20000074   Data           4  adc.o(.data)
    SystemCoreClock                          0x20000080   Data           4  system_hk32f030m.o(.data)
    g_u32_1msTick                            0x20000084   Data           4  delay.o(.data)
    g_strUartRecvBuffer                      0x20000090   Data         272  uart.o(.bss)
    g_strBlinkerData                         0x200001a0   Data          40  blinker.o(.bss)
    __libspace_start                         0x200001c8   Data          96  libspace.o(.bss)
    __temporary_stack_top$libspace           0x20000228   Data           0  libspace.o(.bss)



==============================================================================

Memory Map of the image

  Image Entry point : 0x080000c1

  Load Region LR_IROM1 (Base: 0x08000000, Size: 0x000034cc, Max: 0x00004000, ABSOLUTE)

    Execution Region ER_IROM1 (Exec base: 0x08000000, Load base: 0x08000000, Size: 0x0000343c, Max: 0x00004000, ABSOLUTE)

    Exec Addr    Load Addr    Size         Type   Attr      Idx    E Section Name        Object

    0x08000000   0x08000000   0x000000c0   Data   RO         2364    RESET               keil_startup_hk32f030m.o
    0x080000c0   0x080000c0   0x00000008   Code   RO         2518  * !!!main             c_p.l(__main.o)
    0x080000c8   0x080000c8   0x0000003c   Code   RO         2748    !!!scatter          c_p.l(__scatter.o)
    0x08000104   0x08000104   0x0000001a   Code   RO         2750    !!handler_copy      c_p.l(__scatter_copy.o)
    0x0800011e   0x0800011e   0x00000002   PAD
    0x08000120   0x08000120   0x0000001c   Code   RO         2752    !!handler_zi        c_p.l(__scatter_zi.o)
    0x0800013c   0x0800013c   0x00000002   Code   RO         2505    .ARM.Collect$$_printf_percent$$00000000  c_p.l(_printf_percent.o)
    0x0800013e   0x0800013e   0x0000000a   Code   RO         2504    .ARM.Collect$$_printf_percent$$0000000A  c_p.l(_printf_u.o)
    0x08000148   0x08000148   0x00000004   Code   RO         2546    .ARM.Collect$$_printf_percent$$00000017  c_p.l(_printf_percent_end.o)
    0x0800014c   0x0800014c   0x00000002   Code   RO         2605    .ARM.Collect$$libinit$$00000000  c_p.l(libinit.o)
    0x0800014e   0x0800014e   0x00000000   Code   RO         2629    .ARM.Collect$$libinit$$00000002  c_p.l(libinit2.o)
    0x0800014e   0x0800014e   0x00000000   Code   RO         2631    .ARM.Collect$$libinit$$00000004  c_p.l(libinit2.o)
    0x0800014e   0x0800014e   0x00000000   Code   RO         2634    .ARM.Collect$$libinit$$0000000A  c_p.l(libinit2.o)
    0x0800014e   0x0800014e   0x00000000   Code   RO         2636    .ARM.Collect$$libinit$$0000000C  c_p.l(libinit2.o)
    0x0800014e   0x0800014e   0x00000000   Code   RO         2638    .ARM.Collect$$libinit$$0000000E  c_p.l(libinit2.o)
    0x0800014e   0x0800014e   0x00000006   Code   RO         2639    .ARM.Collect$$libinit$$0000000F  c_p.l(libinit2.o)
    0x08000154   0x08000154   0x00000000   Code   RO         2641    .ARM.Collect$$libinit$$00000011  c_p.l(libinit2.o)
    0x08000154   0x08000154   0x0000000c   Code   RO         2642    .ARM.Collect$$libinit$$00000012  c_p.l(libinit2.o)
    0x08000160   0x08000160   0x00000000   Code   RO         2643    .ARM.Collect$$libinit$$00000013  c_p.l(libinit2.o)
    0x08000160   0x08000160   0x00000000   Code   RO         2645    .ARM.Collect$$libinit$$00000015  c_p.l(libinit2.o)
    0x08000160   0x08000160   0x00000000   Code   RO         2647    .ARM.Collect$$libinit$$00000017  c_p.l(libinit2.o)
    0x08000160   0x08000160   0x00000000   Code   RO         2649    .ARM.Collect$$libinit$$00000019  c_p.l(libinit2.o)
    0x08000160   0x08000160   0x00000000   Code   RO         2651    .ARM.Collect$$libinit$$0000001B  c_p.l(libinit2.o)
    0x08000160   0x08000160   0x00000000   Code   RO         2653    .ARM.Collect$$libinit$$0000001D  c_p.l(libinit2.o)
    0x08000160   0x08000160   0x00000000   Code   RO         2655    .ARM.Collect$$libinit$$0000001F  c_p.l(libinit2.o)
    0x08000160   0x08000160   0x00000000   Code   RO         2657    .ARM.Collect$$libinit$$00000021  c_p.l(libinit2.o)
    0x08000160   0x08000160   0x00000000   Code   RO         2659    .ARM.Collect$$libinit$$00000023  c_p.l(libinit2.o)
    0x08000160   0x08000160   0x00000000   Code   RO         2661    .ARM.Collect$$libinit$$00000025  c_p.l(libinit2.o)
    0x08000160   0x08000160   0x00000000   Code   RO         2665    .ARM.Collect$$libinit$$0000002C  c_p.l(libinit2.o)
    0x08000160   0x08000160   0x00000000   Code   RO         2667    .ARM.Collect$$libinit$$0000002E  c_p.l(libinit2.o)
    0x08000160   0x08000160   0x00000000   Code   RO         2669    .ARM.Collect$$libinit$$00000030  c_p.l(libinit2.o)
    0x08000160   0x08000160   0x00000000   Code   RO         2671    .ARM.Collect$$libinit$$00000032  c_p.l(libinit2.o)
    0x08000160   0x08000160   0x00000002   Code   RO         2672    .ARM.Collect$$libinit$$00000033  c_p.l(libinit2.o)
    0x08000162   0x08000162   0x00000002   Code   RO         2705    .ARM.Collect$$libshutdown$$00000000  c_p.l(libshutdown.o)
    0x08000164   0x08000164   0x00000000   Code   RO         2731    .ARM.Collect$$libshutdown$$00000002  c_p.l(libshutdown2.o)
    0x08000164   0x08000164   0x00000000   Code   RO         2733    .ARM.Collect$$libshutdown$$00000004  c_p.l(libshutdown2.o)
    0x08000164   0x08000164   0x00000000   Code   RO         2736    .ARM.Collect$$libshutdown$$00000007  c_p.l(libshutdown2.o)
    0x08000164   0x08000164   0x00000000   Code   RO         2739    .ARM.Collect$$libshutdown$$0000000A  c_p.l(libshutdown2.o)
    0x08000164   0x08000164   0x00000000   Code   RO         2741    .ARM.Collect$$libshutdown$$0000000C  c_p.l(libshutdown2.o)
    0x08000164   0x08000164   0x00000000   Code   RO         2744    .ARM.Collect$$libshutdown$$0000000F  c_p.l(libshutdown2.o)
    0x08000164   0x08000164   0x00000002   Code   RO         2745    .ARM.Collect$$libshutdown$$00000010  c_p.l(libshutdown2.o)
    0x08000166   0x08000166   0x00000000   Code   RO         2535    .ARM.Collect$$rtentry$$00000000  c_p.l(__rtentry.o)
    0x08000166   0x08000166   0x00000000   Code   RO         2561    .ARM.Collect$$rtentry$$00000002  c_p.l(__rtentry2.o)
    0x08000166   0x08000166   0x00000006   Code   RO         2573    .ARM.Collect$$rtentry$$00000004  c_p.l(__rtentry4.o)
    0x0800016c   0x0800016c   0x00000000   Code   RO         2563    .ARM.Collect$$rtentry$$00000009  c_p.l(__rtentry2.o)
    0x0800016c   0x0800016c   0x00000004   Code   RO         2564    .ARM.Collect$$rtentry$$0000000A  c_p.l(__rtentry2.o)
    0x08000170   0x08000170   0x00000000   Code   RO         2566    .ARM.Collect$$rtentry$$0000000C  c_p.l(__rtentry2.o)
    0x08000170   0x08000170   0x00000008   Code   RO         2567    .ARM.Collect$$rtentry$$0000000D  c_p.l(__rtentry2.o)
    0x08000178   0x08000178   0x00000002   Code   RO         2612    .ARM.Collect$$rtexit$$00000000  c_p.l(rtexit.o)
    0x0800017a   0x0800017a   0x00000000   Code   RO         2676    .ARM.Collect$$rtexit$$00000002  c_p.l(rtexit2.o)
    0x0800017a   0x0800017a   0x00000004   Code   RO         2677    .ARM.Collect$$rtexit$$00000003  c_p.l(rtexit2.o)
    0x0800017e   0x0800017e   0x00000006   Code   RO         2678    .ARM.Collect$$rtexit$$00000004  c_p.l(rtexit2.o)
    0x08000184   0x08000184   0x00000038   Code   RO         2365    .text               keil_startup_hk32f030m.o
    0x080001bc   0x080001bc   0x0000002c   Code   RO         2476    .text               c_p.l(__2sprintf.o)
    0x080001e8   0x080001e8   0x0000006c   Code   RO         2480    .text               c_p.l(__printf.o)
    0x08000254   0x08000254   0x0000006c   Code   RO         2482    .text               c_p.l(_printf_dec.o)
    0x080002c0   0x080002c0   0x00000040   Code   RO         2506    .text               c_p.l(__0sscanf.o)
    0x08000300   0x08000300   0x0000014a   Code   RO         2508    .text               c_p.l(_scanf_int.o)
    0x0800044a   0x0800044a   0x00000028   Code   RO         2510    .text               c_p.l(strstr.o)
    0x08000472   0x08000472   0x0000015a   Code   RO         2512    .text               c_p.l(aeabi_sdiv.o)
    0x080005cc   0x080005cc   0x00000006   Code   RO         2516    .text               c_p.l(heapauxi.o)
    0x080005d2   0x080005d2   0x00000002   PAD
    0x080005d4   0x080005d4   0x0000007c   Code   RO         2520    .text               fz_ps.l(d2f.o)
    0x08000650   0x08000650   0x00000448   Code   RO         2522    .text               fz_ps.l(ddiv.o)
    0x08000a98   0x08000a98   0x00000058   Code   RO         2525    .text               fz_ps.l(dflti.o)
    0x08000af0   0x08000af0   0x00000248   Code   RO         2527    .text               fz_ps.l(dmul.o)
    0x08000d38   0x08000d38   0x000000b0   Code   RO         2540    .text               c_p.l(_printf_intcommon.o)
    0x08000de8   0x08000de8   0x00000030   Code   RO         2542    .text               c_p.l(_printf_char_common.o)
    0x08000e18   0x08000e18   0x0000000a   Code   RO         2544    .text               c_p.l(_sputc.o)
    0x08000e22   0x08000e22   0x0000001e   Code   RO         2547    .text               c_p.l(_chval.o)
    0x08000e40   0x08000e40   0x00000030   Code   RO         2549    .text               c_p.l(scanf_char.o)
    0x08000e70   0x08000e70   0x00000044   Code   RO         2551    .text               c_p.l(_sgetc.o)
    0x08000eb4   0x08000eb4   0x00000028   Code   RO         2553    .text               c_p.l(rtudiv10.o)
    0x08000edc   0x08000edc   0x00000012   Code   RO         2577    .text               c_p.l(isspace.o)
    0x08000eee   0x08000eee   0x00000002   PAD
    0x08000ef0   0x08000ef0   0x00000380   Code   RO         2581    .text               c_p.l(_scanf.o)
    0x08001270   0x08001270   0x0000003e   Code   RO         2589    .text               c_p.l(sys_stackheap_outer.o)
    0x080012ae   0x080012ae   0x00000002   PAD
    0x080012b0   0x080012b0   0x00000010   Code   RO         2592    .text               c_p.l(rt_ctype_table.o)
    0x080012c0   0x080012c0   0x00000010   Code   RO         2594    .text               c_p.l(exit.o)
    0x080012d0   0x080012d0   0x00000008   Code   RO         2608    .text               c_p.l(libspace.o)
    0x080012d8   0x080012d8   0x00000008   Code   RO         2619    .text               c_p.l(rt_locale_intlibspace.o)
    0x080012e0   0x080012e0   0x0000000c   Code   RO         2673    .text               c_p.l(sys_exit.o)
    0x080012ec   0x080012ec   0x00000088   Code   RO         2686    .text               c_p.l(strcmp.o)
    0x08001374   0x08001374   0x00000002   Code   RO         2694    .text               c_p.l(use_no_semi.o)
    0x08001376   0x08001376   0x00000000   Code   RO         2696    .text               c_p.l(indicate_semi.o)
    0x08001376   0x08001376   0x00000002   PAD
    0x08001378   0x08001378   0x000000b0   Code   RO          523    i.ADC1_IRQHandler   adc.o
    0x08001428   0x08001428   0x00000008   Code   RO         2138    i.ADC_GetConversionValue  hk32f030m_adc.o
    0x08001430   0x08001430   0x00000022   Code   RO         2140    i.ADC_GetITStatus   hk32f030m_adc.o
    0x08001452   0x08001452   0x0000000a   Code   RO         2146    i.ADC_StartOfConversion  hk32f030m_adc.o
    0x0800145c   0x0800145c   0x00000040   Code   RO          371    i.AckBrightData     blinker.o
    0x0800149c   0x0800149c   0x00000050   Code   RO          372    i.AckColorData      blinker.o
    0x080014ec   0x080014ec   0x00000024   Code   RO          373    i.AckHeartBeat      blinker.o
    0x08001510   0x08001510   0x0000003c   Code   RO          374    i.AckSwitchOff      blinker.o
    0x0800154c   0x0800154c   0x0000003c   Code   RO          375    i.AckSwitchOn       blinker.o
    0x08001588   0x08001588   0x00000120   Code   RO          376    i.BlinkAdjustBright  blinker.o
    0x080016a8   0x080016a8   0x0000007c   Code   RO          380    i.BlinkerInitialize  blinker.o
    0x08001724   0x08001724   0x00000204   Code   RO          381    i.BlinkerProcess    blinker.o
    0x08001928   0x08001928   0x00000050   Code   RO         1927    i.EEPROM_EraseByte  hk32f030m_flash.o
    0x08001978   0x08001978   0x00000044   Code   RO         1928    i.EEPROM_ProgramByte  hk32f030m_flash.o
    0x080019bc   0x080019bc   0x0000001c   Code   RO          493    i.EEPROM_ReadByte   eeprom.o
    0x080019d8   0x080019d8   0x00000048   Code   RO          494    i.EEPROM_WriteByte  eeprom.o
    0x08001a20   0x08001a20   0x0000009c   Code   RO         2413    i.EXTI6_IRQHandler  softuart.o
    0x08001abc   0x08001abc   0x0000000c   Code   RO         1775    i.EXTI_ClearITPendingBit  hk32f030m_exti.o
    0x08001ac8   0x08001ac8   0x0000001c   Code   RO         1778    i.EXTI_GetFlagStatus  hk32f030m_exti.o
    0x08001ae4   0x08001ae4   0x00000088   Code   RO         1780    i.EXTI_Init         hk32f030m_exti.o
    0x08001b6c   0x08001b6c   0x000000b8   Code   RO          299    i.EstimateDate      03t.o
    0x08001c24   0x08001c24   0x0000002c   Code   RO         1933    i.FLASH_GetStatus   hk32f030m_flash.o
    0x08001c50   0x08001c50   0x00000014   Code   RO         1935    i.FLASH_Lock        hk32f030m_flash.o
    0x08001c64   0x08001c64   0x00000024   Code   RO         1953    i.FLASH_Unlock      hk32f030m_flash.o
    0x08001c88   0x08001c88   0x00000028   Code   RO         1954    i.FLASH_WaitForLastOperation  hk32f030m_flash.o
    0x08001cb0   0x08001cb0   0x000000a6   Code   RO          801    i.GPIO_Init         hk32f030m_gpio.o
    0x08001d56   0x08001d56   0x00000044   Code   RO          802    i.GPIO_PinAFConfig  hk32f030m_gpio.o
    0x08001d9a   0x08001d9a   0x00000014   Code   RO          805    i.GPIO_ReadInputDataBit  hk32f030m_gpio.o
    0x08001dae   0x08001dae   0x00000004   Code   RO          808    i.GPIO_ResetBits    hk32f030m_gpio.o
    0x08001db2   0x08001db2   0x00000004   Code   RO          809    i.GPIO_SetBits      hk32f030m_gpio.o
    0x08001db6   0x08001db6   0x00000004   Code   RO          124    i.HardFault_Handler  hk32f030m_it.o
    0x08001dba   0x08001dba   0x0000002e   Code   RO          562    i.Key_Initialize    key.o
    0x08001de8   0x08001de8   0x00000170   Code   RO          300    i.LED_Choose        03t.o
    0x08001f58   0x08001f58   0x00000034   Code   RO          169    i.Led_Initialize    led.o
    0x08001f8c   0x08001f8c   0x00000090   Code   RO          170    i.Ledshow           led.o
    0x0800201c   0x0800201c   0x00000010   Code   RO          301    i.MusicVolumeLess   03t.o
    0x0800202c   0x0800202c   0x00000010   Code   RO          302    i.MusicVolumeMore   03t.o
    0x0800203c   0x0800203c   0x00000002   Code   RO          125    i.NMI_Handler       hk32f030m_it.o
    0x0800203e   0x0800203e   0x00000002   PAD
    0x08002040   0x08002040   0x00000070   Code   RO         1843    i.NVIC_Init         hk32f030m_misc.o
    0x080020b0   0x080020b0   0x00000078   Code   RO          382    i.NVIC_SetPriority  blinker.o
    0x08002128   0x08002128   0x0000003c   Code   RO          383    i.PWM_CloseAll      blinker.o
    0x08002164   0x08002164   0x00000018   Code   RO          384    i.PWM_CloseBright   blinker.o
    0x0800217c   0x0800217c   0x00000030   Code   RO          385    i.PWM_CloseColor    blinker.o
    0x080021ac   0x080021ac   0x000000f8   Code   RO          202    i.PWM_Initialize    pwm.o
    0x080022a4   0x080022a4   0x00000020   Code   RO          386    i.PWM_SetBright     blinker.o
    0x080022c4   0x080022c4   0x0000006c   Code   RO          387    i.PWM_SetColor      blinker.o
    0x08002330   0x08002330   0x00000002   Code   RO          126    i.PendSV_Handler    hk32f030m_it.o
    0x08002332   0x08002332   0x00000002   PAD
    0x08002334   0x08002334   0x00000020   Code   RO          608    i.RCC_AHBPeriphClockCmd  hk32f030m_rcc.o
    0x08002354   0x08002354   0x00000020   Code   RO          610    i.RCC_APB1PeriphClockCmd  hk32f030m_rcc.o
    0x08002374   0x08002374   0x00000020   Code   RO          612    i.RCC_APB2PeriphClockCmd  hk32f030m_rcc.o
    0x08002394   0x08002394   0x0000012c   Code   RO          620    i.RCC_GetClocksFreq  hk32f030m_rcc.o
    0x080024c0   0x080024c0   0x00000002   Code   RO          127    i.SVC_Handler       hk32f030m_it.o
    0x080024c2   0x080024c2   0x00000002   PAD
    0x080024c4   0x080024c4   0x00000040   Code   RO         1883    i.SYSCFG_EXTILineConfig  hk32f030m_syscfg.o
    0x08002504   0x08002504   0x00000054   Code   RO         2317    i.SetSysClock       system_hk32f030m.o
    0x08002558   0x08002558   0x000000e8   Code   RO         2318    i.SetSysClockToHSI_32M  system_hk32f030m.o
    0x08002640   0x08002640   0x0000000c   Code   RO         2371    i.SysTick_Initialize  delay.o
    0x0800264c   0x0800264c   0x00000044   Code   RO         2320    i.SystemInit        system_hk32f030m.o
    0x08002690   0x08002690   0x0000002c   Code   RO         2372    i.TIM6_IRQHandler   delay.o
    0x080026bc   0x080026bc   0x0000005c   Code   RO         2415    i.TIM6_init         softuart.o
    0x08002718   0x08002718   0x00000008   Code   RO          930    i.TIM_ClearFlag     hk32f030m_tim.o
    0x08002720   0x08002720   0x00000008   Code   RO          931    i.TIM_ClearITPendingBit  hk32f030m_tim.o
    0x08002728   0x08002728   0x0000001c   Code   RO          936    i.TIM_Cmd           hk32f030m_tim.o
    0x08002744   0x08002744   0x0000001a   Code   RO          938    i.TIM_CtrlPWMOutputs  hk32f030m_tim.o
    0x0800275e   0x0800275e   0x00000014   Code   RO          954    i.TIM_GetFlagStatus  hk32f030m_tim.o
    0x08002772   0x08002772   0x00000026   Code   RO          955    i.TIM_GetITStatus   hk32f030m_tim.o
    0x08002798   0x08002798   0x0000001a   Code   RO          959    i.TIM_ITConfig      hk32f030m_tim.o
    0x080027b2   0x080027b2   0x00000002   PAD
    0x080027b4   0x080027b4   0x00000078   Code   RO          963    i.TIM_OC1Init       hk32f030m_tim.o
    0x0800282c   0x0800282c   0x000000a8   Code   RO          968    i.TIM_OC2Init       hk32f030m_tim.o
    0x080028d4   0x080028d4   0x000000a0   Code   RO          973    i.TIM_OC3Init       hk32f030m_tim.o
    0x08002974   0x08002974   0x00000078   Code   RO          978    i.TIM_OC4Init       hk32f030m_tim.o
    0x080029ec   0x080029ec   0x00000004   Code   RO          995    i.TIM_SetCompare1   hk32f030m_tim.o
    0x080029f0   0x080029f0   0x00000004   Code   RO          996    i.TIM_SetCompare2   hk32f030m_tim.o
    0x080029f4   0x080029f4   0x00000004   Code   RO          997    i.TIM_SetCompare3   hk32f030m_tim.o
    0x080029f8   0x080029f8   0x00000004   Code   RO          998    i.TIM_SetCompare4   hk32f030m_tim.o
    0x080029fc   0x080029fc   0x00000004   Code   RO          999    i.TIM_SetCounter    hk32f030m_tim.o
    0x08002a00   0x08002a00   0x00000054   Code   RO         1005    i.TIM_TimeBaseInit  hk32f030m_tim.o
    0x08002a54   0x08002a54   0x00000044   Code   RO          226    i.UART_CheckReceive  uart.o
    0x08002a98   0x08002a98   0x00000030   Code   RO          229    i.UART_InitReceive  uart.o
    0x08002ac8   0x08002ac8   0x00000098   Code   RO          230    i.UART_Initialize   uart.o
    0x08002b60   0x08002b60   0x00000020   Code   RO          231    i.UART_SendByte     uart.o
    0x08002b80   0x08002b80   0x00000018   Code   RO          232    i.UART_SendStringLen  uart.o
    0x08002b98   0x08002b98   0x000000f4   Code   RO          233    i.USART1_IRQHandler  uart.o
    0x08002c8c   0x08002c8c   0x000002bc   Code   RO          306    i.USART_AnalysisDate  03t.o
    0x08002f48   0x08002f48   0x00000004   Code   RO         1474    i.USART_ClearFlag   hk32f030m_usart.o
    0x08002f4c   0x08002f4c   0x00000018   Code   RO         1478    i.USART_Cmd         hk32f030m_usart.o
    0x08002f64   0x08002f64   0x00000014   Code   RO         1484    i.USART_GetFlagStatus  hk32f030m_usart.o
    0x08002f78   0x08002f78   0x0000004e   Code   RO         1485    i.USART_GetITStatus  hk32f030m_usart.o
    0x08002fc6   0x08002fc6   0x00000042   Code   RO         1487    i.USART_ITConfig    hk32f030m_usart.o
    0x08003008   0x08003008   0x000000d8   Code   RO         1488    i.USART_Init        hk32f030m_usart.o
    0x080030e0   0x080030e0   0x0000000a   Code   RO         1500    i.USART_ReceiveData  hk32f030m_usart.o
    0x080030ea   0x080030ea   0x00000008   Code   RO         1505    i.USART_SendData    hk32f030m_usart.o
    0x080030f2   0x080030f2   0x0000001c   Code   RO          359    i.__ARM_common_switch8  03t.o
    0x0800310e   0x0800310e   0x00000002   PAD
    0x08003110   0x08003110   0x0000003c   Code   RO            3    i.main              main.o
    0x0800314c   0x0800314c   0x000000ec   Code   RO         2419    i.softUart_init     softuart.o
    0x08003238   0x08003238   0x0000002c   Code   RO         2622    locale$$code        c_p.l(lc_ctype_c.o)
    0x08003264   0x08003264   0x00000000   Code   RO         2559    x$fpl$usenofp       fz_ps.l(usenofp.o)
    0x08003264   0x08003264   0x00000028   Data   RO          634    .constdata          hk32f030m_rcc.o
    0x0800328c   0x0800328c   0x00000080   Data   RO         2523    .constdata          fz_ps.l(ddiv.o)
    0x0800330c   0x0800330c   0x00000020   Data   RO         2746    Region$$Table       anon$$obj.o
    0x0800332c   0x0800332c   0x00000110   Data   RO         2621    locale$$data        c_p.l(lc_ctype_c.o)


    Execution Region RW_IRAM1 (Exec base: 0x20000000, Load base: 0x0800343c, Size: 0x00000628, Max: 0x00000800, ABSOLUTE)

    Exec Addr    Load Addr    Size         Type   Attr      Idx    E Section Name        Object

    0x20000000   0x0800343c   0x00000004   Data   RW            4    .data               main.o
    0x20000004   0x08003440   0x00000008   Data   RW          171    .data               led.o
    0x2000000c   0x08003448   0x00000001   Data   RW          235    .data               uart.o
    0x2000000d   0x08003449   0x00000003   PAD
    0x20000010   0x0800344c   0x00000056   Data   RW          307    .data               03t.o
    0x20000066   0x080034a2   0x00000002   PAD
    0x20000068   0x080034a4   0x00000004   Data   RW          389    .data               blinker.o
    0x2000006c   0x080034a8   0x00000014   Data   RW          526    .data               adc.o
    0x20000080   0x080034bc   0x00000004   Data   RW         2321    .data               system_hk32f030m.o
    0x20000084   0x080034c0   0x00000004   Data   RW         2374    .data               delay.o
    0x20000088   0x080034c4   0x00000008   Data   RW         2420    .data               softuart.o
    0x20000090        -       0x00000110   Zero   RW          234    .bss                uart.o
    0x200001a0        -       0x00000028   Zero   RW          388    .bss                blinker.o
    0x200001c8        -       0x00000060   Zero   RW         2609    .bss                c_p.l(libspace.o)
    0x20000228        -       0x00000200   Zero   RW         2363    HEAP                keil_startup_hk32f030m.o
    0x20000428        -       0x00000200   Zero   RW         2362    STACK               keil_startup_hk32f030m.o


==============================================================================

Image component sizes


      Code (inc. data)   RO Data    RW Data    ZI Data      Debug   Object Name

      1312        238          0         86          0       4508   03t.o
       176         32          0         20          0       1285   adc.o
      1620        360          0          4         40      14465   blinker.o
        56         14          0          4          0       1147   delay.o
       100          0          0          0          0       1753   eeprom.o
        52          0          0          0          0       8507   hk32f030m_adc.o
       176         16          0          0          0       4078   hk32f030m_exti.o
       288         34          0          0          0       9111   hk32f030m_flash.o
       262          0          0          0          0      11787   hk32f030m_gpio.o
        10          0          0          0          0       1657   hk32f030m_it.o
       112          6          0          0          0       2136   hk32f030m_misc.o
       396         40         40          0          0      10916   hk32f030m_rcc.o
        64          4          0          0          0        644   hk32f030m_syscfg.o
       826        116          0          0          0      25436   hk32f030m_tim.o
       426         12          0          0          0      15267   hk32f030m_usart.o
        56         26        192          0       1024        676   keil_startup_hk32f030m.o
        46          0          0          0          0        489   key.o
       196         16          0          8          0       1821   led.o
        60          4          0          4          0     187337   main.o
       248         18          0          0          0        681   pwm.o
       484         60          0          8          0       2223   softuart.o
       384         40          0          4          0       2835   system_hk32f030m.o
       568         58          0          1        272       4035   uart.o

    ----------------------------------------------------------------------
      7928       1094        264        144       1336     312794   Object Totals
         0          0         32          0          0          0   (incl. Generated)
        10          0          0          5          0          0   (incl. Padding)

    ----------------------------------------------------------------------

      Code (inc. data)   RO Data    RW Data    ZI Data      Debug   Library Member Name

        64         10          0          0          0         84   __0sscanf.o
        44          4          0          0          0         84   __2sprintf.o
         8          0          0          0          0         68   __main.o
       108          0          0          0          0         76   __printf.o
         0          0          0          0          0          0   __rtentry.o
        12          0          0          0          0          0   __rtentry2.o
         6          0          0          0          0          0   __rtentry4.o
        60          8          0          0          0          0   __scatter.o
        26          0          0          0          0          0   __scatter_copy.o
        28          0          0          0          0          0   __scatter_zi.o
        30          0          0          0          0         60   _chval.o
        48          6          0          0          0         88   _printf_char_common.o
       108         18          0          0          0         76   _printf_dec.o
       176          0          0          0          0         84   _printf_intcommon.o
         2          0          0          0          0          0   _printf_percent.o
         4          0          0          0          0          0   _printf_percent_end.o
        10          0          0          0          0          0   _printf_u.o
       896         16          0          0          0         84   _scanf.o
       330          0          0          0          0         84   _scanf_int.o
        68          0          0          0          0         76   _sgetc.o
        10          0          0          0          0         60   _sputc.o
       346          0          0          0          0         92   aeabi_sdiv.o
        16          0          0          0          0         68   exit.o
         6          0          0          0          0        136   heapauxi.o
         0          0          0          0          0          0   indicate_semi.o
        18          0          0          0          0         68   isspace.o
        44         10        272          0          0         76   lc_ctype_c.o
         2          0          0          0          0          0   libinit.o
        20          0          0          0          0          0   libinit2.o
         2          0          0          0          0          0   libshutdown.o
         2          0          0          0          0          0   libshutdown2.o
         8          4          0          0         96         68   libspace.o
        16          4          0          0          0         76   rt_ctype_table.o
         8          4          0          0          0         68   rt_locale_intlibspace.o
         2          0          0          0          0          0   rtexit.o
        10          0          0          0          0          0   rtexit2.o
        40          0          0          0          0         60   rtudiv10.o
        48          8          0          0          0         84   scanf_char.o
       136          4          0          0          0         72   strcmp.o
        40          0          0          0          0         72   strstr.o
        12          4          0          0          0         60   sys_exit.o
        62          0          0          0          0         80   sys_stackheap_outer.o
         2          0          0          0          0         68   use_no_semi.o
       124          4          0          0          0         72   d2f.o
      1096         26        128          0          0        112   ddiv.o
        88          0          0          0          0         92   dflti.o
       584         26          0          0          0         84   dmul.o
         0          0          0          0          0          0   usenofp.o

    ----------------------------------------------------------------------
      4780        156        400          0         96       2432   Library Totals
        10          0          0          0          0          0   (incl. Padding)

    ----------------------------------------------------------------------

      Code (inc. data)   RO Data    RW Data    ZI Data      Debug   Library Name

      2878        100        272          0         96       2072   c_p.l
      1892         56        128          0          0        360   fz_ps.l

    ----------------------------------------------------------------------
      4780        156        400          0         96       2432   Library Totals

    ----------------------------------------------------------------------

==============================================================================


      Code (inc. data)   RO Data    RW Data    ZI Data      Debug   

     12708       1250        664        144       1432     310042   Grand Totals
     12708       1250        664        144       1432     310042   ELF Image Totals
     12708       1250        664        144          0          0   ROM Totals

==============================================================================

    Total RO  Size (Code + RO Data)                13372 (  13.06kB)
    Total RW  Size (RW Data + ZI Data)              1576 (   1.54kB)
    Total ROM Size (Code + RO Data + RW Data)      13516 (  13.20kB)

==============================================================================

