<html>
<body>
<pre>
<h1>礦ision Build Log</h1>
<h2>Tool Versions:</h2>
IDE-Version: μVision V5.25.3.0
Copyright (C) 2018 ARM Ltd and ARM Germany GmbH. All rights reserved.
License Information: 11 21, 21, LIC=ZB4EI-TB2KD-UHW8H-WNL8T-IMF3E-ST9HZ
 
Tool Versions:
Toolchain:       MDK-ARM Plus  Version: 5.31.0.0
Toolchain Path:  C:\Keil_v5\ARM\ARMCC\Bin
C Compiler:      Armcc.exe V5.06 update 6 (build 750)
Assembler:       Armasm.exe V5.06 update 6 (build 750)
Linker/Locator:  ArmLink.exe V5.06 update 6 (build 750)
Library Manager: ArmAr.exe V5.06 update 6 (build 750)
Hex Converter:   FromElf.exe V5.06 update 6 (build 750)
CPU DLL:         SARMCM3.DLL V5.31.0.0
Dialog DLL:      DARMCM1.DLL V1.19.3.0
Target DLL:      CMSIS_AGDI.dll V1.32.6.0
Dialog DLL:      TARMCM1.DLL V1.14.2.0
 
<h2>Project:</h2>
D:\桌面\大二\软串口\05-宋庭葵\Project\Project.uvprojx
Project File Date:  02/19/2022

<h2>Output:</h2>
*** Using Compiler 'V5.06 update 6 (build 750)', folder: 'C:\Keil_v5\ARM\ARMCC\Bin'
Rebuild target 'HK32F030MF4P6'
compiling led.c...
compiling main.c...
compiling uart.c...
compiling pwm.c...
compiling hk32f030m_gpio.c...
compiling ADC.c...
compiling key.c...
compiling hk32f030m_it.c...
compiling eeprom.c...
compiling 03T.c...
compiling hk32f030m_rcc.c...
compiling blinker.c...
assembling KEIL_Startup_hk32f030m.s...
compiling hk32f030m_usart.c...
compiling hk32f030m_exti.c...
compiling hk32f030m_tim.c...
compiling hk32f030m_syscfg.c...
compiling hk32f030m_misc.c...
compiling system_hk32f030m.c...
compiling softUart.c...
compiling delay.c...
compiling hk32f030m_adc.c...
compiling hk32f030m_flash.c...
linking...
Program Size: Code=12708 RO-data=664 RW-data=144 ZI-data=1432  
FromELF: creating hex file...
".\Objects\LED.axf" - 0 Error(s), 0 Warning(s).

<h2>Software Packages used:</h2>

Package Vendor: HKMicroChip
                http://www.hsxp-hk.com/companyfile/2/HKMicroChip.HK32F030Mxx_DFP.1.0.7.pack
                HKMicroChip.HK32F030Mxx_DFP.1.0.7
                HKMicroChip HK32F030M ARM Cortex-M0 Device Family Pack Device Support

<h2>Collection of Component include folders:</h2>
  .\RTE\_HK32F030MF4P6

<h2>Collection of Component Files used:</h2>
Build Time Elapsed:  00:00:02
</pre>
</body>
</html>
